<html>
<body>
<pre>
<h1>µVision Build Log</h1>
<h2>Project:</h2>
C:\Users\10050\Desktop\MPU6050-PIDS_v2-Incremental PID\MPU6050-PIDS_v1-Position PID\MPU6050-PIDS_v1-Position PID\MDK-ARM\MPU6050-PID-test0.uvprojx
Project File Date:  03/28/2022

<h2>Output:</h2>
Build target 'MPU6050-PID-test0'
linking...
Program Size: Code=28820 RO-data=3828 RW-data=420 ZI-data=1836  
FromELF: creating hex file...
"MPU6050-PID-test0\MPU6050-PID-test0.axf" - 0 Error(s), 0 Warning(s).

<h2>Software Packages used:</h2>

Package Vendor: ARM
                http://www.keil.com/pack/ARM.CMSIS.4.1.0.pack
                ARM::CMSIS:CORE:3.30.0
                CMSIS (Cortex Microcontroller Software Interface Standard)
   * Component: CORE Version: 3.30.0

<h2>Collection of Component include folders:</h2>
  C:\Users\10050\Desktop\MPU6050-PIDS_v2-Incremental PID\MPU6050-PIDS_v1-Position PID\MPU6050-PIDS_v1-Position PID\MDK-ARM\RTE
  G:\APPs\Keil_v5\ARM\PACK\ARM\CMSIS\4.1.0\CMSIS\Include
  G:\APPs\Keil_v5\ARM\PACK\Keil\STM32F1xx_DFP\1.0.5\Device\Include

<h2>Collection of Component Files used:</h2>

   * Component: ARM::CMSIS:CORE:3.30.0
      Source file:   CMSIS\UserCodeTemplates\ARM\ITM_Retarget.c
</pre>
</body>
</html>
ITM_Retarget.c
