Product: MDK-ARM Standard 5.10
Component: ARM Compiler 5.04 update 1 (build 49)
Tool: armlink [5040049]

==============================================================================

Section Cross References

    startup_stm32f103xe.o(RESET) refers to startup_stm32f103xe.o(STACK) for __initial_sp
    startup_stm32f103xe.o(RESET) refers to startup_stm32f103xe.o(.text) for Reset_Handler
    startup_stm32f103xe.o(RESET) refers to stm32f1xx_it.o(i.NMI_Handler) for NMI_Handler
    startup_stm32f103xe.o(RESET) refers to stm32f1xx_it.o(i.HardFault_Handler) for HardFault_Handler
    startup_stm32f103xe.o(RESET) refers to stm32f1xx_it.o(i.MemManage_Handler) for MemManage_Handler
    startup_stm32f103xe.o(RESET) refers to stm32f1xx_it.o(i.BusFault_Handler) for BusFault_Handler
    startup_stm32f103xe.o(RESET) refers to stm32f1xx_it.o(i.UsageFault_Handler) for UsageFault_Handler
    startup_stm32f103xe.o(RESET) refers to stm32f1xx_it.o(i.SVC_Handler) for SVC_Handler
    startup_stm32f103xe.o(RESET) refers to stm32f1xx_it.o(i.DebugMon_Handler) for DebugMon_Handler
    startup_stm32f103xe.o(RESET) refers to stm32f1xx_it.o(i.PendSV_Handler) for PendSV_Handler
    startup_stm32f103xe.o(RESET) refers to stm32f1xx_it.o(i.SysTick_Handler) for SysTick_Handler
    startup_stm32f103xe.o(RESET) refers to stm32f1xx_it.o(i.I2C1_EV_IRQHandler) for I2C1_EV_IRQHandler
    startup_stm32f103xe.o(RESET) refers to stm32f1xx_it.o(i.I2C1_ER_IRQHandler) for I2C1_ER_IRQHandler
    startup_stm32f103xe.o(RESET) refers to stm32f1xx_it.o(i.USART1_IRQHandler) for USART1_IRQHandler
    startup_stm32f103xe.o(RESET) refers to stm32f1xx_it.o(i.USART2_IRQHandler) for USART2_IRQHandler
    startup_stm32f103xe.o(.text) refers to system_stm32f1xx.o(i.SystemInit) for SystemInit
    startup_stm32f103xe.o(.text) refers to entry.o(.ARM.Collect$$$$00000000) for __main
    main.o(i.Get_Three_MPU6050_data) refers to stm32f1xx_hal_gpio.o(i.HAL_GPIO_WritePin) for HAL_GPIO_WritePin
    main.o(i.Get_Three_MPU6050_data) refers to mpu6050.o(i.MPU_Get_Temperature) for MPU_Get_Temperature
    main.o(i.Get_Three_MPU6050_data) refers to mpu6050.o(i.MPU_Get_Accelerometer) for MPU_Get_Accelerometer
    main.o(i.Get_Three_MPU6050_data) refers to mpu6050.o(i.MPU_Get_Gyroscope) for MPU_Get_Gyroscope
    main.o(i.Get_Three_MPU6050_data) refers to inv_mpu.o(i.mpu_dmp_get_data) for mpu_dmp_get_data
    main.o(i.Get_Three_MPU6050_data) refers to main.o(.data) for .data
    main.o(i.Get_Three_MPU6050_data) refers to main.o(.bss) for .bss
    main.o(i.Get_joint1_MPU6050_data) refers to stm32f1xx_hal_gpio.o(i.HAL_GPIO_WritePin) for HAL_GPIO_WritePin
    main.o(i.Get_joint1_MPU6050_data) refers to mpu6050.o(i.MPU_Get_Temperature) for MPU_Get_Temperature
    main.o(i.Get_joint1_MPU6050_data) refers to mpu6050.o(i.MPU_Get_Accelerometer) for MPU_Get_Accelerometer
    main.o(i.Get_joint1_MPU6050_data) refers to mpu6050.o(i.MPU_Get_Gyroscope) for MPU_Get_Gyroscope
    main.o(i.Get_joint1_MPU6050_data) refers to inv_mpu.o(i.mpu_dmp_get_data) for mpu_dmp_get_data
    main.o(i.Get_joint1_MPU6050_data) refers to main.o(.data) for .data
    main.o(i.Get_joint1_MPU6050_data) refers to main.o(.bss) for .bss
    main.o(i.Get_joint2_MPU6050_data) refers to stm32f1xx_hal_gpio.o(i.HAL_GPIO_WritePin) for HAL_GPIO_WritePin
    main.o(i.Get_joint2_MPU6050_data) refers to mpu6050.o(i.MPU_Get_Temperature) for MPU_Get_Temperature
    main.o(i.Get_joint2_MPU6050_data) refers to mpu6050.o(i.MPU_Get_Accelerometer) for MPU_Get_Accelerometer
    main.o(i.Get_joint2_MPU6050_data) refers to mpu6050.o(i.MPU_Get_Gyroscope) for MPU_Get_Gyroscope
    main.o(i.Get_joint2_MPU6050_data) refers to inv_mpu.o(i.mpu_dmp_get_data) for mpu_dmp_get_data
    main.o(i.Get_joint2_MPU6050_data) refers to fmul.o(.text) for __aeabi_fmul
    main.o(i.Get_joint2_MPU6050_data) refers to ffixi.o(.text) for __aeabi_f2iz
    main.o(i.Get_joint2_MPU6050_data) refers to protocol.o(i.set_computer_value) for set_computer_value
    main.o(i.Get_joint2_MPU6050_data) refers to main.o(.bss) for .bss
    main.o(i.Get_joint2_MPU6050_data) refers to main.o(.data) for .data
    main.o(i.Get_joint3_MPU6050_data) refers to stm32f1xx_hal_gpio.o(i.HAL_GPIO_WritePin) for HAL_GPIO_WritePin
    main.o(i.Get_joint3_MPU6050_data) refers to mpu6050.o(i.MPU_Get_Temperature) for MPU_Get_Temperature
    main.o(i.Get_joint3_MPU6050_data) refers to mpu6050.o(i.MPU_Get_Accelerometer) for MPU_Get_Accelerometer
    main.o(i.Get_joint3_MPU6050_data) refers to mpu6050.o(i.MPU_Get_Gyroscope) for MPU_Get_Gyroscope
    main.o(i.Get_joint3_MPU6050_data) refers to inv_mpu.o(i.mpu_dmp_get_data) for mpu_dmp_get_data
    main.o(i.Get_joint3_MPU6050_data) refers to fmul.o(.text) for __aeabi_fmul
    main.o(i.Get_joint3_MPU6050_data) refers to ffixi.o(.text) for __aeabi_f2iz
    main.o(i.Get_joint3_MPU6050_data) refers to protocol.o(i.set_computer_value) for set_computer_value
    main.o(i.Get_joint3_MPU6050_data) refers to main.o(.data) for .data
[...]
    i.I2C_WaitOnBTFFlagUntilTimeout          0x08002f4c   Section        0  stm32f1xx_hal_i2c.o(i.I2C_WaitOnBTFFlagUntilTimeout)
    I2C_WaitOnBTFFlagUntilTimeout            0x08002f4d   Thumb Code    76  stm32f1xx_hal_i2c.o(i.I2C_WaitOnBTFFlagUntilTimeout)
    i.I2C_WaitOnFlagUntilTimeout             0x08002f98   Section        0  stm32f1xx_hal_i2c.o(i.I2C_WaitOnFlagUntilTimeout)
    I2C_WaitOnFlagUntilTimeout               0x08002f99   Thumb Code   104  stm32f1xx_hal_i2c.o(i.I2C_WaitOnFlagUntilTimeout)
    i.I2C_WaitOnMasterAddressFlagUntilTimeout 0x08003000   Section        0  stm32f1xx_hal_i2c.o(i.I2C_WaitOnMasterAddressFlagUntilTimeout)
    I2C_WaitOnMasterAddressFlagUntilTimeout  0x08003001   Thumb Code   150  stm32f1xx_hal_i2c.o(i.I2C_WaitOnMasterAddressFlagUntilTimeout)
    i.I2C_WaitOnRXNEFlagUntilTimeout         0x08003096   Section        0  stm32f1xx_hal_i2c.o(i.I2C_WaitOnRXNEFlagUntilTimeout)
    I2C_WaitOnRXNEFlagUntilTimeout           0x08003097   Thumb Code   102  stm32f1xx_hal_i2c.o(i.I2C_WaitOnRXNEFlagUntilTimeout)
    i.I2C_WaitOnTXEFlagUntilTimeout          0x080030fc   Section        0  stm32f1xx_hal_i2c.o(i.I2C_WaitOnTXEFlagUntilTimeout)
    I2C_WaitOnTXEFlagUntilTimeout            0x080030fd   Thumb Code    76  stm32f1xx_hal_i2c.o(i.I2C_WaitOnTXEFlagUntilTimeout)
    i.MPU_Get_Accelerometer                  0x08003148   Section        0  mpu6050.o(i.MPU_Get_Accelerometer)
    i.MPU_Get_Gyroscope                      0x0800317a   Section        0  mpu6050.o(i.MPU_Get_Gyroscope)
    i.MPU_Get_Temperature                    0x080031ac   Section        0  mpu6050.o(i.MPU_Get_Temperature)
    i.MPU_Init                               0x080031f8   Section        0  mpu6050.o(i.MPU_Init)
    i.MPU_Read_Byte                          0x0800326c   Section        0  mpu6050.o(i.MPU_Read_Byte)
    i.MPU_Read_Len                           0x08003298   Section        0  mpu6050.o(i.MPU_Read_Len)
    i.MPU_Set_Accel_Fsr                      0x080032bc   Section        0  mpu6050.o(i.MPU_Set_Accel_Fsr)
    i.MPU_Set_Gyro_Fsr                       0x080032c6   Section        0  mpu6050.o(i.MPU_Set_Gyro_Fsr)
    i.MPU_Set_LPF                            0x080032d0   Section        0  mpu6050.o(i.MPU_Set_LPF)
    i.MPU_Set_Rate                           0x08003300   Section        0  mpu6050.o(i.MPU_Set_Rate)
    i.MPU_Write_Byte                         0x08003330   Section        0  mpu6050.o(i.MPU_Write_Byte)
    i.MPU_Write_Len                          0x08003358   Section        0  mpu6050.o(i.MPU_Write_Len)
    i.MX_GPIO_Init                           0x0800337c   Section        0  gpio.o(i.MX_GPIO_Init)
    i.MX_I2C1_Init                           0x080033ec   Section        0  i2c.o(i.MX_I2C1_Init)
    i.MX_USART1_UART_Init                    0x0800342c   Section        0  usart.o(i.MX_USART1_UART_Init)
    i.MX_USART2_UART_Init                    0x08003464   Section        0  usart.o(i.MX_USART2_UART_Init)
    i.MemManage_Handler                      0x0800349c   Section        0  stm32f1xx_it.o(i.MemManage_Handler)
    i.NMI_Handler                            0x0800349e   Section        0  stm32f1xx_it.o(i.NMI_Handler)
    i.PID_Loc                                0x080034a0   Section        0  pid1.o(i.PID_Loc)
    i.PID_iinit                              0x08003522   Section        0  pid1.o(i.PID_iinit)
    i.PendSV_Handler                         0x0800353e   Section        0  stm32f1xx_it.o(i.PendSV_Handler)
    i.SVC_Handler                            0x08003540   Section        0  stm32f1xx_it.o(i.SVC_Handler)
    i.SysTick_Handler                        0x08003542   Section        0  stm32f1xx_it.o(i.SysTick_Handler)
    i.SystemClock_Config                     0x08003546   Section        0  main.o(i.SystemClock_Config)
    i.SystemInit                             0x08003594   Section        0  system_stm32f1xx.o(i.SystemInit)
    i.Three_MPU6050_Init                     0x08003598   Section        0  main.o(i.Three_MPU6050_Init)
    i.UART_DMAAbortOnError                   0x08003730   Section        0  stm32f1xx_hal_uart.o(i.UART_DMAAbortOnError)
    UART_DMAAbortOnError                     0x08003731   Thumb Code    16  stm32f1xx_hal_uart.o(i.UART_DMAAbortOnError)
    i.UART_EndRxTransfer                     0x08003740   Section        0  stm32f1xx_hal_uart.o(i.UART_EndRxTransfer)
    UART_EndRxTransfer                       0x08003741   Thumb Code    48  stm32f1xx_hal_uart.o(i.UART_EndRxTransfer)
    i.UART_Receive_IT                        0x08003770   Section        0  stm32f1xx_hal_uart.o(i.UART_Receive_IT)
    UART_Receive_IT                          0x08003771   Thumb Code   182  stm32f1xx_hal_uart.o(i.UART_Receive_IT)
    i.UART_SetConfig                         0x08003828   Section        0  stm32f1xx_hal_uart.o(i.UART_SetConfig)
    UART_SetConfig                           0x08003829   Thumb Code   136  stm32f1xx_hal_uart.o(i.UART_SetConfig)
    i.UART_WaitOnFlagUntilTimeout            0x080038b4   Section        0  stm32f1xx_hal_uart.o(i.UART_WaitOnFlagUntilTimeout)
    UART_WaitOnFlagUntilTimeout              0x080038b5   Thumb Code   100  stm32f1xx_hal_uart.o(i.UART_WaitOnFlagUntilTimeout)
    i.USART1_IRQHandler                      0x08003918   Section        0  stm32f1xx_it.o(i.USART1_IRQHandler)
    i.USART2_IRQHandler                      0x0800393c   Section        0  stm32f1xx_it.o(i.USART2_IRQHandler)
    i.UsageFault_Handler                     0x08003948   Section        0  stm32f1xx_it.o(i.UsageFault_Handler)
    i.__0printf                              0x0800394c   Section        0  printfa.o(i.__0printf)
    i.__ARM_fpclassify                       0x0800396c   Section        0  fpclassify.o(i.__ARM_fpclassify)
    i.__NVIC_SetPriority                     0x08003994   Section        0  stm32f1xx_hal_cortex.o(i.__NVIC_SetPriority)
    __NVIC_SetPriority                       0x08003995   Thumb Code    32  stm32f1xx_hal_cortex.o(i.__NVIC_SetPriority)
    i.__kernel_poly                          0x080039b4   Section        0  poly.o(i.__kernel_poly)
    i.__mathlib_dbl_underflow                0x08003a60   Section        0  dunder.o(i.__mathlib_dbl_underflow)
    i.__scatterload_copy                     0x08003a70   Section       14  handlers.o(i.__scatterload_copy)
    i.__scatterload_null                     0x08003a7e   Section        2  handlers.o(i.__scatterload_null)
    i.__scatterload_zeroinit                 0x08003a80   Section       14  handlers.o(i.__scatterload_zeroinit)
    i.__set_errno                            0x08003a90   Section        0  errno.o(i.__set_errno)
    i._fp_digits                             0x08003a9c   Section        0  printfa.o(i._fp_digits)
    _fp_digits                               0x08003a9d   Thumb Code   334  printfa.o(i._fp_digits)
    i._printf_core                           0x08003c00   Section        0  printfa.o(i._printf_core)
    _printf_core                             0x08003c01   Thumb Code  1744  printfa.o(i._printf_core)
    i._printf_post_padding                   0x080042dc   Section        0  printfa.o(i._printf_post_padding)
    _printf_post_padding                     0x080042dd   Thumb Code    36  printfa.o(i._printf_post_padding)
    i._printf_pre_padding                    0x08004300   Section        0  printfa.o(i._printf_pre_padding)
    _printf_pre_padding                      0x08004301   Thumb Code    46  printfa.o(i._printf_pre_padding)
    i.accel_self_test                        0x08004330   Section        0  inv_mpu.o(i.accel_self_test)
    accel_self_test                          0x08004331   Thumb Code   114  inv_mpu.o(i.accel_self_test)
    i.asin                                   0x080043b0   Section        0  asin.o(i.asin)
    i.atan                                   0x0800462c   Section        0  atan.o(i.atan)
    i.atan2                                  0x08004850   Section        0  atan2.o(i.atan2)
    i.check_sum                              0x080049d0   Section        0  protocol.o(i.check_sum)
    i.dmp_enable_6x_lp_quat                  0x080049e4   Section        0  inv_mpu_dmp_motion_driver.o(i.dmp_enable_6x_lp_quat)
    i.dmp_enable_feature                     0x08004a20   Section        0  inv_mpu_dmp_motion_driver.o(i.dmp_enable_feature)
    i.dmp_enable_gyro_cal                    0x08004bf8   Section        0  inv_mpu_dmp_motion_driver.o(i.dmp_enable_gyro_cal)
    i.dmp_enable_lp_quat                     0x08004c34   Section        0  inv_mpu_dmp_motion_driver.o(i.dmp_enable_lp_quat)
    i.dmp_load_motion_driver_firmware        0x08004c70   Section        0  inv_mpu_dmp_motion_driver.o(i.dmp_load_motion_driver_firmware)
    i.dmp_read_fifo                          0x08004c84   Section        0  inv_mpu_dmp_motion_driver.o(i.dmp_read_fifo)
    i.dmp_set_accel_bias                     0x08004dc8   Section        0  inv_mpu_dmp_motion_driver.o(i.dmp_set_accel_bias)
    i.dmp_set_fifo_rate                      0x08004ea0   Section        0  inv_mpu_dmp_motion_driver.o(i.dmp_set_fifo_rate)
    i.dmp_set_gyro_bias                      0x08004f04   Section        0  inv_mpu_dmp_motion_driver.o(i.dmp_set_gyro_bias)
    i.dmp_set_orientation                    0x08004fd0   Section        0  inv_mpu_dmp_motion_driver.o(i.dmp_set_orientation)
    i.dmp_set_shake_reject_thresh            0x080050dc   Section        0  inv_mpu_dmp_motion_driver.o(i.dmp_set_shake_reject_thresh)
    i.dmp_set_shake_reject_time              0x0800510c   Section        0  inv_mpu_dmp_motion_driver.o(i.dmp_set_shake_reject_time)
    i.dmp_set_shake_reject_timeout           0x0800512c   Section        0  inv_mpu_dmp_motion_driver.o(i.dmp_set_shake_reject_timeout)
    i.dmp_set_tap_axes                       0x0800514c   Section        0  inv_mpu_dmp_motion_driver.o(i.dmp_set_tap_axes)
    i.dmp_set_tap_count                      0x0800518c   Section        0  inv_mpu_dmp_motion_driver.o(i.dmp_set_tap_count)
    i.dmp_set_tap_thresh                     0x080051b0   Section        0  inv_mpu_dmp_motion_driver.o(i.dmp_set_tap_thresh)
    i.dmp_set_tap_time                       0x080052d8   Section        0  inv_mpu_dmp_motion_driver.o(i.dmp_set_tap_time)
    i.dmp_set_tap_time_multi                 0x080052f8   Section        0  inv_mpu_dmp_motion_driver.o(i.dmp_set_tap_time_multi)
    i.fputc                                  0x08005318   Section        0  usart.o(i.fputc)
    i.get_accel_prod_shift                   0x08005330   Section        0  inv_mpu.o(i.get_accel_prod_shift)
    get_accel_prod_shift                     0x08005331   Thumb Code   158  inv_mpu.o(i.get_accel_prod_shift)
    i.get_st_biases                          0x080053dc   Section        0  inv_mpu.o(i.get_st_biases)
    get_st_biases                            0x080053dd   Thumb Code   784  inv_mpu.o(i.get_st_biases)
    i.gyro_self_test                         0x080056f0   Section        0  inv_mpu.o(i.gyro_self_test)
    gyro_self_test                           0x080056f1   Thumb Code   190  inv_mpu.o(i.gyro_self_test)
    i.inv_orientation_matrix_to_scalar       0x080057c4   Section        0  inv_mpu.o(i.inv_orientation_matrix_to_scalar)
    i.inv_row_2_scale                        0x080057e6   Section        0  inv_mpu.o(i.inv_row_2_scale)
    i.joint1_PID_init                        0x08005830   Section        0  pid1.o(i.joint1_PID_init)
    i.joint2_PID_init                        0x08005890   Section        0  pid1.o(i.joint2_PID_init)
    i.joint3_PID_init                        0x08005910   Section        0  pid1.o(i.joint3_PID_init)
    i.joint_motion_3                         0x08005998   Section        0  pid1.o(i.joint_motion_3)
    i.main                                   0x08005d48   Section        0  main.o(i.main)
    i.mget_ms                                0x08005dbc   Section        0  inv_mpu.o(i.mget_ms)
    i.mpu_configure_fifo                     0x08005dc0   Section        0  inv_mpu.o(i.mpu_configure_fifo)
    i.mpu_dmp_get_data                       0x08005e14   Section        0  inv_mpu.o(i.mpu_dmp_get_data)
    i.mpu_dmp_init                           0x08005fb0   Section        0  inv_mpu.o(i.mpu_dmp_init)
    i.mpu_get_accel_fsr                      0x08006050   Section        0  inv_mpu.o(i.mpu_get_accel_fsr)
    i.mpu_get_accel_sens                     0x0800608c   Section        0  inv_mpu.o(i.mpu_get_accel_sens)
    i.mpu_get_gyro_fsr                       0x080060d0   Section        0  inv_mpu.o(i.mpu_get_gyro_fsr)
    i.mpu_get_gyro_sens                      0x08006104   Section        0  inv_mpu.o(i.mpu_get_gyro_sens)
    i.mpu_get_lpf                            0x08006144   Section        0  inv_mpu.o(i.mpu_get_lpf)
    i.mpu_get_sample_rate                    0x0800617c   Section        0  inv_mpu.o(i.mpu_get_sample_rate)
    i.mpu_init                               0x08006198   Section        0  inv_mpu.o(i.mpu_init)
    i.mpu_load_firmware                      0x08006320   Section        0  inv_mpu.o(i.mpu_load_firmware)
    i.mpu_lp_accel_mode                      0x080063c0   Section        0  inv_mpu.o(i.mpu_lp_accel_mode)
    i.mpu_read_fifo_stream                   0x08006478   Section        0  inv_mpu.o(i.mpu_read_fifo_stream)
    i.mpu_read_mem                           0x08006508   Section        0  inv_mpu.o(i.mpu_read_mem)
    i.mpu_reset_fifo                         0x0800655c   Section        0  inv_mpu.o(i.mpu_reset_fifo)
    i.mpu_run_self_test                      0x080066bc   Section        0  inv_mpu.o(i.mpu_run_self_test)
    i.mpu_set_accel_fsr                      0x080067ac   Section        0  inv_mpu.o(i.mpu_set_accel_fsr)
    i.mpu_set_bypass                         0x08006814   Section        0  inv_mpu.o(i.mpu_set_bypass)
    i.mpu_set_dmp_state                      0x080068f0   Section        0  inv_mpu.o(i.mpu_set_dmp_state)
    i.mpu_set_gyro_fsr                       0x08006968   Section        0  inv_mpu.o(i.mpu_set_gyro_fsr)
    i.mpu_set_int_latched                    0x080069d4   Section        0  inv_mpu.o(i.mpu_set_int_latched)
    i.mpu_set_lpf                            0x08006a38   Section        0  inv_mpu.o(i.mpu_set_lpf)
    i.mpu_set_sample_rate                    0x08006aa4   Section        0  inv_mpu.o(i.mpu_set_sample_rate)
    i.mpu_set_sensors                        0x08006b24   Section        0  inv_mpu.o(i.mpu_set_sensors)
    i.mpu_write_mem                          0x08006bdc   Section        0  inv_mpu.o(i.mpu_write_mem)
    i.protocol_data_recv                     0x08006c30   Section        0  protocol.o(i.protocol_data_recv)
    i.protocol_frame_parse                   0x08006c88   Section        0  protocol.o(i.protocol_frame_parse)
    protocol_frame_parse                     0x08006c89   Thumb Code   430  protocol.o(i.protocol_frame_parse)
    i.protocol_init                          0x08006e40   Section        0  protocol.o(i.protocol_init)
    i.receiving_process                      0x08006e58   Section        0  protocol.o(i.receiving_process)
    i.recvbuf_get_len_to_parse               0x08006f40   Section        0  protocol.o(i.recvbuf_get_len_to_parse)
    recvbuf_get_len_to_parse                 0x08006f41   Thumb Code    26  protocol.o(i.recvbuf_get_len_to_parse)
    i.run_self_test                          0x08006f5a   Section        0  inv_mpu.o(i.run_self_test)
    i.set_computer_value                     0x08006fdc   Section        0  protocol.o(i.set_computer_value)
    i.set_int_enable                         0x08007050   Section        0  inv_mpu.o(i.set_int_enable)
    set_int_enable                           0x08007051   Thumb Code    84  inv_mpu.o(i.set_int_enable)
    i.set_p_i_d                              0x080070a8   Section        0  main.o(i.set_p_i_d)
    i.set_pid_target                         0x080070b0   Section        0  main.o(i.set_pid_target)
    i.set_zero_all                           0x080070c8   Section        0  protocol.o(i.set_zero_all)
    i.sqrt                                   0x08007178   Section        0  sqrt.o(i.sqrt)
    .constdata                               0x080071c4   Section       16  system_stm32f1xx.o(.constdata)
    .constdata                               0x080071d4   Section        8  system_stm32f1xx.o(.constdata)
    .constdata                               0x080071dc   Section       27  inv_mpu.o(.constdata)
    .constdata                               0x080071f8   Section       12  inv_mpu.o(.constdata)
    .constdata                               0x08007204   Section       40  inv_mpu.o(.constdata)
    .constdata                               0x0800722c   Section     3062  inv_mpu_dmp_motion_driver.o(.constdata)
    dmp_memory                               0x0800722c   Data        3062  inv_mpu_dmp_motion_driver.o(.constdata)
    .constdata                               0x08007e28   Section       80  asin.o(.constdata)
    pS                                       0x08007e28   Data          48  asin.o(.constdata)
    qS                                       0x08007e58   Data          32  asin.o(.constdata)
    .constdata                               0x08007e78   Section      152  atan.o(.constdata)
    atanhi                                   0x08007e78   Data          32  atan.o(.constdata)
    atanlo                                   0x08007e98   Data          32  atan.o(.constdata)
    aTodd                                    0x08007eb8   Data          40  atan.o(.constdata)
    aTeven                                   0x08007ee0   Data          48  atan.o(.constdata)
    .constdata                               0x08007f10   Section        8  qnan.o(.constdata)
    .conststring                             0x08007f18   Section       77  inv_mpu.o(.conststring)
    .data                                    0x20000000   Section       42  main.o(.data)
    .data                                    0x2000002a   Section        1  main.o(.data)
    .data                                    0x2000002c   Section        4  usart.o(.data)
    .data                                    0x20000030   Section       28  stm32f1xx_it.o(.data)
    count                                    0x20000034   Data           4  stm32f1xx_it.o(.data)
    .data                                    0x2000004c   Section        4  stm32f1xx_it.o(.data)
    .data                                    0x20000050   Section       12  stm32f1xx_hal.o(.data)
    .data                                    0x2000005c   Section        4  system_stm32f1xx.o(.data)
    .data                                    0x20000060   Section       53  inv_mpu.o(.data)
    st                                       0x20000060   Data          44  inv_mpu.o(.data)
    gyro_orientation                         0x2000008c   Data           9  inv_mpu.o(.data)
    .data                                    0x20000098   Section      264  pid1.o(.data)
    .data                                    0x200001a0   Section        4  errno.o(.data)
    _errno                                   0x200001a0   Data           4  errno.o(.data)
    .bss                                     0x200001a4   Section       36  main.o(.bss)
    .bss                                     0x200001c8   Section       84  i2c.o(.bss)
    .bss                                     0x2000021c   Section      136  usart.o(.bss)
    .bss                                     0x200002a4   Section      152  protocol.o(.bss)
    set_packet                               0x200002a4   Data          10  protocol.o(.bss)
    parser                                   0x200002b0   Data          12  protocol.o(.bss)
    recv_buf                                 0x200002bc   Data         128  protocol.o(.bss)
    .bss                                     0x2000033c   Section       16  inv_mpu_dmp_motion_driver.o(.bss)
    dmp                                      0x2000033c   Data          16  inv_mpu_dmp_motion_driver.o(.bss)
    .bss                                     0x2000034c   Section      384  pid1.o(.bss)
    STACK                                    0x200004d0   Section     1024  startup_stm32f103xe.o(STACK)

    Global Symbols

    Symbol Name                              Value     Ov Type        Size  Object(Section)

    BuildAttributes$$THM_ISAv4$P$D$K$B$S$PE$A:L22UL41UL21$X:L11$S22US41US21$IEEE1$IW$USESV6$~STKCKD$USESV7$~SHL$OTIME$ROPI$IEEEX$EBA8$MICROLIB$REQ8$PRES8$EABIv2 0x00000000   Number         0  anon$$obj.o ABSOLUTE
    __ARM_use_no_argv                        0x00000000   Number         0  main.o ABSOLUTE
    __use_no_errno                           0x00000000   Number         0  useno.o ABSOLUTE
    __use_no_exception_handling              0x00000000   Number         0  useno.o ABSOLUTE
    __use_no_fp                              0x00000000   Number         0  useno.o ABSOLUTE
    __use_no_heap                            0x00000000   Number         0  useno.o ABSOLUTE
    __use_no_heap_region                     0x00000000   Number         0  useno.o ABSOLUTE
    __use_no_semihosting                     0x00000000   Number         0  useno.o ABSOLUTE
    __use_no_semihosting_swi                 0x00000000   Number         0  useno.o ABSOLUTE
    __use_no_signal_handling                 0x00000000   Number         0  useno.o ABSOLUTE
    _printf_a                                0x00000000   Number         0  stubs.o ABSOLUTE
    _printf_c                                0x00000000   Number         0  stubs.o ABSOLUTE
    _printf_charcount                        0x00000000   Number         0  stubs.o ABSOLUTE
    _printf_d                                0x00000000   Number         0  stubs.o ABSOLUTE
    _printf_e                                0x00000000   Number         0  stubs.o ABSOLUTE
    _printf_f                                0x00000000   Number         0  stubs.o ABSOLUTE
    _printf_flags                            0x00000000   Number         0  stubs.o ABSOLUTE
    _printf_fp_dec                           0x00000000   Number         0  stubs.o ABSOLUTE
    _printf_fp_hex                           0x00000000   Number         0  stubs.o ABSOLUTE
    _printf_g                                0x00000000   Number         0  stubs.o ABSOLUTE
    _printf_i                                0x00000000   Number         0  stubs.o ABSOLUTE
    _printf_int_dec                          0x00000000   Number         0  stubs.o ABSOLUTE
    _printf_l                                0x00000000   Number         0  stubs.o ABSOLUTE
    _printf_lc                               0x00000000   Number         0  stubs.o ABSOLUTE
    _printf_ll                               0x00000000   Number         0  stubs.o ABSOLUTE
    _printf_lld                              0x00000000   Number         0  stubs.o ABSOLUTE
    _printf_lli                              0x00000000   Number         0  stubs.o ABSOLUTE
    _printf_llo                              0x00000000   Number         0  stubs.o ABSOLUTE
    _printf_llu                              0x00000000   Number         0  stubs.o ABSOLUTE
    _printf_llx                              0x00000000   Number         0  stubs.o ABSOLUTE
    _printf_longlong_dec                     0x00000000   Number         0  stubs.o ABSOLUTE
    _printf_longlong_hex                     0x00000000   Number         0  stubs.o ABSOLUTE
    _printf_longlong_oct                     0x00000000   Number         0  stubs.o ABSOLUTE
    _printf_ls                               0x00000000   Number         0  stubs.o ABSOLUTE
    _printf_mbtowc                           0x00000000   Number         0  stubs.o ABSOLUTE
    _printf_n                                0x00000000   Number         0  stubs.o ABSOLUTE
    _printf_o                                0x00000000   Number         0  stubs.o ABSOLUTE
    _printf_p                                0x00000000   Number         0  stubs.o ABSOLUTE
    _printf_percent                          0x00000000   Number         0  stubs.o ABSOLUTE
    _printf_pre_padding                      0x00000000   Number         0  stubs.o ABSOLUTE
    _printf_return_value                     0x00000000   Number         0  stubs.o ABSOLUTE
    _printf_s                                0x00000000   Number         0  stubs.o ABSOLUTE
    _printf_sizespec                         0x00000000   Number         0  stubs.o ABSOLUTE
    _printf_str                              0x00000000   Number         0  stubs.o ABSOLUTE
    _printf_truncate_signed                  0x00000000   Number         0  stubs.o ABSOLUTE
    _printf_truncate_unsigned                0x00000000   Number         0  stubs.o ABSOLUTE
    _printf_u                                0x00000000   Number         0  stubs.o ABSOLUTE
    _printf_wc                               0x00000000   Number         0  stubs.o ABSOLUTE
    _printf_wctomb                           0x00000000   Number         0  stubs.o ABSOLUTE
    _printf_widthprec                        0x00000000   Number         0  stubs.o ABSOLUTE
    _printf_x                                0x00000000   Number         0  stubs.o ABSOLUTE
    __cpp_initialize__aeabi_                  - Undefined Weak Reference
    __cxa_finalize                            - Undefined Weak Reference
    _clock_init                               - Undefined Weak Reference
    _microlib_exit                            - Undefined Weak Reference
    __Vectors_Size                           0x00000130   Number         0  startup_stm32f103xe.o ABSOLUTE
    __Vectors                                0x08000000   Data           4  startup_stm32f103xe.o(RESET)
    __Vectors_End                            0x08000130   Data           0  startup_stm32f103xe.o(RESET)
    __main                                   0x08000131   Thumb Code     0  entry.o(.ARM.Collect$$$$00000000)
    _main_stk                                0x08000131   Thumb Code     0  entry2.o(.ARM.Collect$$$$00000001)
    _main_scatterload                        0x08000135   Thumb Code     0  entry5.o(.ARM.Collect$$$$00000004)
    __main_after_scatterload                 0x08000139   Thumb Code     0  entry5.o(.ARM.Collect$$$$00000004)
    _main_clock                              0x08000139   Thumb Code     0  entry7b.o(.ARM.Collect$$$$00000008)
    _main_cpp_init                           0x08000139   Thumb Code     0  entry8b.o(.ARM.Collect$$$$0000000A)
    _main_init                               0x08000139   Thumb Code     0  entry9a.o(.ARM.Collect$$$$0000000B)
    __rt_final_cpp                           0x08000141   Thumb Code     0  entry10a.o(.ARM.Collect$$$$0000000D)
    __rt_final_exit                          0x08000141   Thumb Code     0  entry11a.o(.ARM.Collect$$$$0000000F)
    Reset_Handler                            0x08000145   Thumb Code     8  startup_stm32f103xe.o(.text)
    ADC1_2_IRQHandler                        0x0800015f   Thumb Code     0  startup_stm32f103xe.o(.text)
    ADC3_IRQHandler                          0x0800015f   Thumb Code     0  startup_stm32f103xe.o(.text)
    CAN1_RX1_IRQHandler                      0x0800015f   Thumb Code     0  startup_stm32f103xe.o(.text)
    CAN1_SCE_IRQHandler                      0x0800015f   Thumb Code     0  startup_stm32f103xe.o(.text)
    DMA1_Channel1_IRQHandler                 0x0800015f   Thumb Code     0  startup_stm32f103xe.o(.text)
    DMA1_Channel2_IRQHandler                 0x0800015f   Thumb Code     0  startup_stm32f103xe.o(.text)
    DMA1_Channel3_IRQHandler                 0x0800015f   Thumb Code     0  startup_stm32f103xe.o(.text)
    DMA1_Channel4_IRQHandler                 0x0800015f   Thumb Code     0  startup_stm32f103xe.o(.text)
    DMA1_Channel5_IRQHandler                 0x0800015f   Thumb Code     0  startup_stm32f103xe.o(.text)
    DMA1_Channel6_IRQHandler                 0x0800015f   Thumb Code     0  startup_stm32f103xe.o(.text)
    DMA1_Channel7_IRQHandler                 0x0800015f   Thumb Code     0  startup_stm32f103xe.o(.text)
    DMA2_Channel1_IRQHandler                 0x0800015f   Thumb Code     0  startup_stm32f103xe.o(.text)
    DMA2_Channel2_IRQHandler                 0x0800015f   Thumb Code     0  startup_stm32f103xe.o(.text)
    DMA2_Channel3_IRQHandler                 0x0800015f   Thumb Code     0  startup_stm32f103xe.o(.text)
    DMA2_Channel4_5_IRQHandler               0x0800015f   Thumb Code     0  startup_stm32f103xe.o(.text)
    EXTI0_IRQHandler                         0x0800015f   Thumb Code     0  startup_stm32f103xe.o(.text)
    EXTI15_10_IRQHandler                     0x0800015f   Thumb Code     0  startup_stm32f103xe.o(.text)
    EXTI1_IRQHandler                         0x0800015f   Thumb Code     0  startup_stm32f103xe.o(.text)
    EXTI2_IRQHandler                         0x0800015f   Thumb Code     0  startup_stm32f103xe.o(.text)
    EXTI3_IRQHandler                         0x0800015f   Thumb Code     0  startup_stm32f103xe.o(.text)
    EXTI4_IRQHandler                         0x0800015f   Thumb Code     0  startup_stm32f103xe.o(.text)
    EXTI9_5_IRQHandler                       0x0800015f   Thumb Code     0  startup_stm32f103xe.o(.text)
    FLASH_IRQHandler                         0x0800015f   Thumb Code     0  startup_stm32f103xe.o(.text)
    FSMC_IRQHandler                          0x0800015f   Thumb Code     0  startup_stm32f103xe.o(.text)
    I2C2_ER_IRQHandler                       0x0800015f   Thumb Code     0  startup_stm32f103xe.o(.text)
    I2C2_EV_IRQHandler                       0x0800015f   Thumb Code     0  startup_stm32f103xe.o(.text)
    PVD_IRQHandler                           0x0800015f   Thumb Code     0  startup_stm32f103xe.o(.text)
    RCC_IRQHandler                           0x0800015f   Thumb Code     0  startup_stm32f103xe.o(.text)
    RTC_Alarm_IRQHandler                     0x0800015f   Thumb Code     0  startup_stm32f103xe.o(.text)
    RTC_IRQHandler                           0x0800015f   Thumb Code     0  startup_stm32f103xe.o(.text)
    SDIO_IRQHandler                          0x0800015f   Thumb Code     0  startup_stm32f103xe.o(.text)
    SPI1_IRQHandler                          0x0800015f   Thumb Code     0  startup_stm32f103xe.o(.text)
    SPI2_IRQHandler                          0x0800015f   Thumb Code     0  startup_stm32f103xe.o(.text)
    SPI3_IRQHandler                          0x0800015f   Thumb Code     0  startup_stm32f103xe.o(.text)
    TAMPER_IRQHandler                        0x0800015f   Thumb Code     0  startup_stm32f103xe.o(.text)
    TIM1_BRK_IRQHandler                      0x0800015f   Thumb Code     0  startup_stm32f103xe.o(.text)
    TIM1_CC_IRQHandler                       0x0800015f   Thumb Code     0  startup_stm32f103xe.o(.text)
    TIM1_TRG_COM_IRQHandler                  0x0800015f   Thumb Code     0  startup_stm32f103xe.o(.text)
    TIM1_UP_IRQHandler                       0x0800015f   Thumb Code     0  startup_stm32f103xe.o(.text)
    TIM2_IRQHandler                          0x0800015f   Thumb Code     0  startup_stm32f103xe.o(.text)
    TIM3_IRQHandler                          0x0800015f   Thumb Code     0  startup_stm32f103xe.o(.text)
    TIM4_IRQHandler                          0x0800015f   Thumb Code     0  startup_stm32f103xe.o(.text)
    TIM5_IRQHandler                          0x0800015f   Thumb Code     0  startup_stm32f103xe.o(.text)
    TIM6_IRQHandler                          0x0800015f   Thumb Code     0  startup_stm32f103xe.o(.text)
    TIM7_IRQHandler                          0x0800015f   Thumb Code     0  startup_stm32f103xe.o(.text)
    TIM8_BRK_IRQHandler                      0x0800015f   Thumb Code     0  startup_stm32f103xe.o(.text)
    TIM8_CC_IRQHandler                       0x0800015f   Thumb Code     0  startup_stm32f103xe.o(.text)
    TIM8_TRG_COM_IRQHandler                  0x0800015f   Thumb Code     0  startup_stm32f103xe.o(.text)
    TIM8_UP_IRQHandler                       0x0800015f   Thumb Code     0  startup_stm32f103xe.o(.text)
    UART4_IRQHandler                         0x0800015f   Thumb Code     0  startup_stm32f103xe.o(.text)
    UART5_IRQHandler                         0x0800015f   Thumb Code     0  startup_stm32f103xe.o(.text)
    USART3_IRQHandler                        0x0800015f   Thumb Code     0  startup_stm32f103xe.o(.text)
    USBWakeUp_IRQHandler                     0x0800015f   Thumb Code     0  startup_stm32f103xe.o(.text)
    USB_HP_CAN1_TX_IRQHandler                0x0800015f   Thumb Code     0  startup_stm32f103xe.o(.text)
    USB_LP_CAN1_RX0_IRQHandler               0x0800015f   Thumb Code     0  startup_stm32f103xe.o(.text)
    WWDG_IRQHandler                          0x0800015f   Thumb Code     0  startup_stm32f103xe.o(.text)
    __aeabi_ldivmod                          0x08000169   Thumb Code    90  ldiv.o(.text)
    __aeabi_llsr                             0x080001c3   Thumb Code    32  llushr.o(.text)
    _ll_ushift_r                             0x080001c3   Thumb Code     0  llushr.o(.text)
    __aeabi_memcpy                           0x080001e3   Thumb Code    36  memcpya.o(.text)
    __aeabi_memcpy4                          0x080001e3   Thumb Code     0  memcpya.o(.text)
    __aeabi_memcpy8                          0x080001e3   Thumb Code     0  memcpya.o(.text)
    __aeabi_memset                           0x08000207   Thumb Code    14  memseta.o(.text)
    __aeabi_memset4                          0x08000207   Thumb Code     0  memseta.o(.text)
    __aeabi_memset8                          0x08000207   Thumb Code     0  memseta.o(.text)
    __aeabi_memclr                           0x08000215   Thumb Code     4  memseta.o(.text)
    __aeabi_memclr4                          0x08000215   Thumb Code     0  memseta.o(.text)
    __aeabi_memclr8                          0x08000215   Thumb Code     0  memseta.o(.text)
    _memset$wrapper                          0x08000219   Thumb Code    18  memseta.o(.text)
    memcmp                                   0x0800022b   Thumb Code    26  memcmp.o(.text)
    __aeabi_fadd                             0x08000245   Thumb Code   164  fadd.o(.text)
    __aeabi_fsub                             0x080002e9   Thumb Code     6  fadd.o(.text)
    __aeabi_frsub                            0x080002ef   Thumb Code     6  fadd.o(.text)
    __aeabi_fmul                             0x080002f5   Thumb Code   100  fmul.o(.text)
    __aeabi_fdiv                             0x08000359   Thumb Code   124  fdiv.o(.text)
    __ARM_scalbnf                            0x080003d5   Thumb Code    24  fscalb.o(.text)
    scalbnf                                  0x080003d5   Thumb Code     0  fscalb.o(.text)
    __aeabi_dadd                             0x080003ed   Thumb Code   322  dadd.o(.text)
    __aeabi_dsub                             0x0800052f   Thumb Code     6  dadd.o(.text)
    __aeabi_drsub                            0x08000535   Thumb Code     6  dadd.o(.text)
    __aeabi_dmul                             0x0800053b   Thumb Code   228  dmul.o(.text)
    __aeabi_ddiv                             0x0800061f   Thumb Code   222  ddiv.o(.text)
    __aeabi_i2f                              0x080006fd   Thumb Code    18  fflti.o(.text)
    __aeabi_ui2f                             0x0800070f   Thumb Code    10  ffltui.o(.text)
    __aeabi_i2d                              0x08000719   Thumb Code    34  dflti.o(.text)
    __aeabi_f2iz                             0x0800073b   Thumb Code    50  ffixi.o(.text)
    __aeabi_f2uiz                            0x0800076d   Thumb Code    40  ffixui.o(.text)
    __aeabi_f2d                              0x08000795   Thumb Code    38  f2d.o(.text)
    __aeabi_d2f                              0x080007bb   Thumb Code    56  d2f.o(.text)
    __aeabi_cfcmpeq                          0x080007f5   Thumb Code     0  cfcmple.o(.text)
    __aeabi_cfcmple                          0x080007f5   Thumb Code    20  cfcmple.o(.text)
    __aeabi_cfrcmple                         0x08000809   Thumb Code    20  cfrcmple.o(.text)
    __aeabi_uidiv                            0x0800081d   Thumb Code     0  uidiv.o(.text)
    __aeabi_uidivmod                         0x0800081d   Thumb Code    44  uidiv.o(.text)
    __aeabi_uldivmod                         0x08000849   Thumb Code    98  uldiv.o(.text)
    __aeabi_llsl                             0x080008ab   Thumb Code    30  llshl.o(.text)
    _ll_shift_l                              0x080008ab   Thumb Code     0  llshl.o(.text)
    __aeabi_lasr                             0x080008c9   Thumb Code    36  llsshr.o(.text)
    _ll_sshift_r                             0x080008c9   Thumb Code     0  llsshr.o(.text)
    __I$use$fp                               0x080008ed   Thumb Code     0  iusefp.o(.text)
    _float_round                             0x080008ed   Thumb Code    18  fepilogue.o(.text)
    _float_epilogue                          0x080008ff   Thumb Code    92  fepilogue.o(.text)
    _double_round                            0x0800095b   Thumb Code    26  depilogue.o(.text)
    _double_epilogue                         0x08000975   Thumb Code   156  depilogue.o(.text)
    __ARM_scalbn                             0x08000a11   Thumb Code    46  dscalb.o(.text)
    scalbn                                   0x08000a11   Thumb Code     0  dscalb.o(.text)
    __aeabi_d2ulz                            0x08000a3f   Thumb Code    48  dfixul.o(.text)
    __aeabi_cdrcmple                         0x08000a71   Thumb Code    38  cdrcmple.o(.text)
    __scatterload                            0x08000a99   Thumb Code    28  init.o(.text)
    __scatterload_rt2                        0x08000a99   Thumb Code     0  init.o(.text)
    _dsqrt                                   0x08000abd   Thumb Code   162  dsqrt.o(.text)
    __decompress                             0x08000b5f   Thumb Code     0  __dczerorl2.o(.text)
    __decompress1                            0x08000b5f   Thumb Code    86  __dczerorl2.o(.text)
    BusFault_Handler                         0x08000bb5   Thumb Code     2  stm32f1xx_it.o(i.BusFault_Handler)
    DebugMon_Handler                         0x08000bb7   Thumb Code     2  stm32f1xx_it.o(i.DebugMon_Handler)
    Error_Handler                            0x08000bb9   Thumb Code     2  main.o(i.Error_Handler)
    Get_joint3_MPU6050_data                  0x08000bbd   Thumb Code   156  main.o(i.Get_joint3_MPU6050_data)
    HAL_DMA_Abort                            0x08000c69   Thumb Code    70  stm32f1xx_hal_dma.o(i.HAL_DMA_Abort)
    HAL_DMA_Abort_IT                         0x08000cb1   Thumb Code   296  stm32f1xx_hal_dma.o(i.HAL_DMA_Abort_IT)
    HAL_DMA_GetState                         0x08000de1   Thumb Code     6  stm32f1xx_hal_dma.o(i.HAL_DMA_GetState)
    HAL_Delay                                0x08000de9   Thumb Code    32  stm32f1xx_hal.o(i.HAL_Delay)
    HAL_GPIO_Init                            0x08000e0d   Thumb Code   462  stm32f1xx_hal_gpio.o(i.HAL_GPIO_Init)
    HAL_GPIO_WritePin                        0x08001005   Thumb Code    10  stm32f1xx_hal_gpio.o(i.HAL_GPIO_WritePin)
    HAL_GetTick                              0x08001011   Thumb Code     6  stm32f1xx_hal.o(i.HAL_GetTick)
    HAL_I2C_AbortCpltCallback                0x0800101d   Thumb Code     2  stm32f1xx_hal_i2c.o(i.HAL_I2C_AbortCpltCallback)
    HAL_I2C_AddrCallback                     0x0800101f   Thumb Code     2  stm32f1xx_hal_i2c.o(i.HAL_I2C_AddrCallback)
    HAL_I2C_ER_IRQHandler                    0x08001021   Thumb Code   196  stm32f1xx_hal_i2c.o(i.HAL_I2C_ER_IRQHandler)
    HAL_I2C_EV_IRQHandler                    0x080010e5   Thumb Code   560  stm32f1xx_hal_i2c.o(i.HAL_I2C_EV_IRQHandler)
    HAL_I2C_ErrorCallback                    0x08001315   Thumb Code     2  stm32f1xx_hal_i2c.o(i.HAL_I2C_ErrorCallback)
    HAL_I2C_Init                             0x08001319   Thumb Code   364  stm32f1xx_hal_i2c.o(i.HAL_I2C_Init)
    HAL_I2C_ListenCpltCallback               0x08001495   Thumb Code     2  stm32f1xx_hal_i2c.o(i.HAL_I2C_ListenCpltCallback)
    HAL_I2C_MasterRxCpltCallback             0x08001497   Thumb Code     2  stm32f1xx_hal_i2c.o(i.HAL_I2C_MasterRxCpltCallback)
    HAL_I2C_MasterTxCpltCallback             0x08001499   Thumb Code     2  stm32f1xx_hal_i2c.o(i.HAL_I2C_MasterTxCpltCallback)
    HAL_I2C_MemRxCpltCallback                0x0800149b   Thumb Code     2  stm32f1xx_hal_i2c.o(i.HAL_I2C_MemRxCpltCallback)
    HAL_I2C_MemTxCpltCallback                0x0800149d   Thumb Code     2  stm32f1xx_hal_i2c.o(i.HAL_I2C_MemTxCpltCallback)
    HAL_I2C_Mem_Read                         0x080014a1   Thumb Code   574  stm32f1xx_hal_i2c.o(i.HAL_I2C_Mem_Read)
    HAL_I2C_Mem_Write                        0x080016f1   Thumb Code   294  stm32f1xx_hal_i2c.o(i.HAL_I2C_Mem_Write)
    HAL_I2C_MspInit                          0x08001821   Thumb Code   112  i2c.o(i.HAL_I2C_MspInit)
    HAL_I2C_SlaveRxCpltCallback              0x0800189d   Thumb Code     2  stm32f1xx_hal_i2c.o(i.HAL_I2C_SlaveRxCpltCallback)
    HAL_I2C_SlaveTxCpltCallback              0x0800189f   Thumb Code     2  stm32f1xx_hal_i2c.o(i.HAL_I2C_SlaveTxCpltCallback)
    HAL_IncTick                              0x080018a1   Thumb Code    12  stm32f1xx_hal.o(i.HAL_IncTick)
    HAL_Init                                 0x080018b1   Thumb Code    32  stm32f1xx_hal.o(i.HAL_Init)
    HAL_InitTick                             0x080018d5   Thumb Code    54  stm32f1xx_hal.o(i.HAL_InitTick)
    HAL_MspInit                              0x08001915   Thumb Code    52  stm32f1xx_hal_msp.o(i.HAL_MspInit)
    HAL_NVIC_EnableIRQ                       0x08001951   Thumb Code    26  stm32f1xx_hal_cortex.o(i.HAL_NVIC_EnableIRQ)
    HAL_NVIC_SetPriority                     0x0800196d   Thumb Code    60  stm32f1xx_hal_cortex.o(i.HAL_NVIC_SetPriority)
    HAL_NVIC_SetPriorityGrouping             0x080019ad   Thumb Code    26  stm32f1xx_hal_cortex.o(i.HAL_NVIC_SetPriorityGrouping)
    HAL_NVIC_SystemReset                     0x080019d1   Thumb Code    26  stm32f1xx_hal_cortex.o(i.HAL_NVIC_SystemReset)
    HAL_RCC_ClockConfig                      0x080019f5   Thumb Code   280  stm32f1xx_hal_rcc.o(i.HAL_RCC_ClockConfig)
    HAL_RCC_GetPCLK1Freq                     0x08001b21   Thumb Code    20  stm32f1xx_hal_rcc.o(i.HAL_RCC_GetPCLK1Freq)
    HAL_RCC_GetPCLK2Freq                     0x08001b41   Thumb Code    20  stm32f1xx_hal_rcc.o(i.HAL_RCC_GetPCLK2Freq)
    HAL_RCC_GetSysClockFreq                  0x08001b61   Thumb Code    74  stm32f1xx_hal_rcc.o(i.HAL_RCC_GetSysClockFreq)
    HAL_RCC_OscConfig                        0x08001bcd   Thumb Code   778  stm32f1xx_hal_rcc.o(i.HAL_RCC_OscConfig)
    HAL_SYSTICK_Config                       0x08001eed   Thumb Code    40  stm32f1xx_hal_cortex.o(i.HAL_SYSTICK_Config)
    HAL_UARTEx_RxEventCallback               0x08001f15   Thumb Code     2  stm32f1xx_hal_uart.o(i.HAL_UARTEx_RxEventCallback)
    HAL_UART_ErrorCallback                   0x08001f17   Thumb Code     2  stm32f1xx_hal_uart.o(i.HAL_UART_ErrorCallback)
    HAL_UART_IRQHandler                      0x08001f19   Thumb Code   520  stm32f1xx_hal_uart.o(i.HAL_UART_IRQHandler)
    HAL_UART_Init                            0x08002125   Thumb Code    98  stm32f1xx_hal_uart.o(i.HAL_UART_Init)
    HAL_UART_MspInit                         0x08002189   Thumb Code   198  usart.o(i.HAL_UART_MspInit)
    HAL_UART_RxCpltCallback                  0x08002261   Thumb Code   144  stm32f1xx_it.o(i.HAL_UART_RxCpltCallback)
    HAL_UART_Transmit                        0x080022f5   Thumb Code   178  stm32f1xx_hal_uart.o(i.HAL_UART_Transmit)
    HAL_UART_TxCpltCallback                  0x080023a7   Thumb Code     2  stm32f1xx_hal_uart.o(i.HAL_UART_TxCpltCallback)
    HardFault_Handler                        0x080023a9   Thumb Code     2  stm32f1xx_it.o(i.HardFault_Handler)
    I2C1_ER_IRQHandler                       0x080023ad   Thumb Code     6  stm32f1xx_it.o(i.I2C1_ER_IRQHandler)
    I2C1_EV_IRQHandler                       0x080023b9   Thumb Code     6  stm32f1xx_it.o(i.I2C1_EV_IRQHandler)
    MPU_Get_Accelerometer                    0x08003149   Thumb Code    50  mpu6050.o(i.MPU_Get_Accelerometer)
    MPU_Get_Gyroscope                        0x0800317b   Thumb Code    50  mpu6050.o(i.MPU_Get_Gyroscope)
    MPU_Get_Temperature                      0x080031ad   Thumb Code    60  mpu6050.o(i.MPU_Get_Temperature)
    MPU_Init                                 0x080031f9   Thumb Code   114  mpu6050.o(i.MPU_Init)
    MPU_Read_Byte                            0x0800326d   Thumb Code    38  mpu6050.o(i.MPU_Read_Byte)
    MPU_Read_Len                             0x08003299   Thumb Code    32  mpu6050.o(i.MPU_Read_Len)
    MPU_Set_Accel_Fsr                        0x080032bd   Thumb Code    10  mpu6050.o(i.MPU_Set_Accel_Fsr)
    MPU_Set_Gyro_Fsr                         0x080032c7   Thumb Code    10  mpu6050.o(i.MPU_Set_Gyro_Fsr)
    MPU_Set_LPF                              0x080032d1   Thumb Code    48  mpu6050.o(i.MPU_Set_LPF)
    MPU_Set_Rate                             0x08003301   Thumb Code    46  mpu6050.o(i.MPU_Set_Rate)
    MPU_Write_Byte                           0x08003331   Thumb Code    36  mpu6050.o(i.MPU_Write_Byte)
    MPU_Write_Len                            0x08003359   Thumb Code    32  mpu6050.o(i.MPU_Write_Len)
    MX_GPIO_Init                             0x0800337d   Thumb Code   102  gpio.o(i.MX_GPIO_Init)
    MX_I2C1_Init                             0x080033ed   Thumb Code    50  i2c.o(i.MX_I2C1_Init)
    MX_USART1_UART_Init                      0x0800342d   Thumb Code    48  usart.o(i.MX_USART1_UART_Init)
    MX_USART2_UART_Init                      0x08003465   Thumb Code    48  usart.o(i.MX_USART2_UART_Init)
    MemManage_Handler                        0x0800349d   Thumb Code     2  stm32f1xx_it.o(i.MemManage_Handler)
    NMI_Handler                              0x0800349f   Thumb Code     2  stm32f1xx_it.o(i.NMI_Handler)
    PID_Loc                                  0x080034a1   Thumb Code   130  pid1.o(i.PID_Loc)
    PID_iinit                                0x08003523   Thumb Code    28  pid1.o(i.PID_iinit)
    PendSV_Handler                           0x0800353f   Thumb Code     2  stm32f1xx_it.o(i.PendSV_Handler)
    SVC_Handler                              0x08003541   Thumb Code     2  stm32f1xx_it.o(i.SVC_Handler)
    SysTick_Handler                          0x08003543   Thumb Code     4  stm32f1xx_it.o(i.SysTick_Handler)
    SystemClock_Config                       0x08003547   Thumb Code    78  main.o(i.SystemClock_Config)
    SystemInit                               0x08003595   Thumb Code     2  system_stm32f1xx.o(i.SystemInit)
    Three_MPU6050_Init                       0x08003599   Thumb Code   226  main.o(i.Three_MPU6050_Init)
    USART1_IRQHandler                        0x08003919   Thumb Code    32  stm32f1xx_it.o(i.USART1_IRQHandler)
    USART2_IRQHandler                        0x0800393d   Thumb Code     6  stm32f1xx_it.o(i.USART2_IRQHandler)
    UsageFault_Handler                       0x08003949   Thumb Code     2  stm32f1xx_it.o(i.UsageFault_Handler)
    __0printf                                0x0800394d   Thumb Code    22  printfa.o(i.__0printf)
    __1printf                                0x0800394d   Thumb Code     0  printfa.o(i.__0printf)
    __2printf                                0x0800394d   Thumb Code     0  printfa.o(i.__0printf)
    __c89printf                              0x0800394d   Thumb Code     0  printfa.o(i.__0printf)
    printf                                   0x0800394d   Thumb Code     0  printfa.o(i.__0printf)
    __ARM_fpclassify                         0x0800396d   Thumb Code    40  fpclassify.o(i.__ARM_fpclassify)
    __kernel_poly                            0x080039b5   Thumb Code   170  poly.o(i.__kernel_poly)
    __mathlib_dbl_underflow                  0x08003a61   Thumb Code    10  dunder.o(i.__mathlib_dbl_underflow)
    __scatterload_copy                       0x08003a71   Thumb Code    14  handlers.o(i.__scatterload_copy)
    __scatterload_null                       0x08003a7f   Thumb Code     2  handlers.o(i.__scatterload_null)
    __scatterload_zeroinit                   0x08003a81   Thumb Code    14  handlers.o(i.__scatterload_zeroinit)
    __set_errno                              0x08003a91   Thumb Code     6  errno.o(i.__set_errno)
    asin                                     0x080043b1   Thumb Code   584  asin.o(i.asin)
    atan                                     0x0800462d   Thumb Code   478  atan.o(i.atan)
    atan2                                    0x08004851   Thumb Code   346  atan2.o(i.atan2)
    check_sum                                0x080049d1   Thumb Code    20  protocol.o(i.check_sum)
    dmp_enable_6x_lp_quat                    0x080049e5   Thumb Code    58  inv_mpu_dmp_motion_driver.o(i.dmp_enable_6x_lp_quat)
    dmp_enable_feature                       0x08004a21   Thumb Code   464  inv_mpu_dmp_motion_driver.o(i.dmp_enable_feature)
    dmp_enable_gyro_cal                      0x08004bf9   Thumb Code    34  inv_mpu_dmp_motion_driver.o(i.dmp_enable_gyro_cal)
    dmp_enable_lp_quat                       0x08004c35   Thumb Code    58  inv_mpu_dmp_motion_driver.o(i.dmp_enable_lp_quat)
    dmp_load_motion_driver_firmware          0x08004c71   Thumb Code    16  inv_mpu_dmp_motion_driver.o(i.dmp_load_motion_driver_firmware)
    dmp_read_fifo                            0x08004c85   Thumb Code   320  inv_mpu_dmp_motion_driver.o(i.dmp_read_fifo)
    dmp_set_accel_bias                       0x08004dc9   Thumb Code   210  inv_mpu_dmp_motion_driver.o(i.dmp_set_accel_bias)
    dmp_set_fifo_rate                        0x08004ea1   Thumb Code    82  inv_mpu_dmp_motion_driver.o(i.dmp_set_fifo_rate)
    dmp_set_gyro_bias                        0x08004f05   Thumb Code   196  inv_mpu_dmp_motion_driver.o(i.dmp_set_gyro_bias)
    dmp_set_orientation                      0x08004fd1   Thumb Code   246  inv_mpu_dmp_motion_driver.o(i.dmp_set_orientation)
    dmp_set_shake_reject_thresh              0x080050dd   Thumb Code    48  inv_mpu_dmp_motion_driver.o(i.dmp_set_shake_reject_thresh)
    dmp_set_shake_reject_time                0x0800510d   Thumb Code    32  inv_mpu_dmp_motion_driver.o(i.dmp_set_shake_reject_time)
    dmp_set_shake_reject_timeout             0x0800512d   Thumb Code    32  inv_mpu_dmp_motion_driver.o(i.dmp_set_shake_reject_timeout)
    dmp_set_tap_axes                         0x0800514d   Thumb Code    64  inv_mpu_dmp_motion_driver.o(i.dmp_set_tap_axes)
    dmp_set_tap_count                        0x0800518d   Thumb Code    34  inv_mpu_dmp_motion_driver.o(i.dmp_set_tap_count)
    dmp_set_tap_thresh                       0x080051b1   Thumb Code   274  inv_mpu_dmp_motion_driver.o(i.dmp_set_tap_thresh)
    dmp_set_tap_time                         0x080052d9   Thumb Code    32  inv_mpu_dmp_motion_driver.o(i.dmp_set_tap_time)
    dmp_set_tap_time_multi                   0x080052f9   Thumb Code    32  inv_mpu_dmp_motion_driver.o(i.dmp_set_tap_time_multi)
    fputc                                    0x08005319   Thumb Code    18  usart.o(i.fputc)
    inv_orientation_matrix_to_scalar         0x080057c5   Thumb Code    34  inv_mpu.o(i.inv_orientation_matrix_to_scalar)
    inv_row_2_scale                          0x080057e7   Thumb Code    72  inv_mpu.o(i.inv_row_2_scale)
    joint1_PID_init                          0x08005831   Thumb Code    76  pid1.o(i.joint1_PID_init)
    joint2_PID_init                          0x08005891   Thumb Code   102  pid1.o(i.joint2_PID_init)
    joint3_PID_init                          0x08005911   Thumb Code   102  pid1.o(i.joint3_PID_init)
    joint_motion_3                           0x08005999   Thumb Code   862  pid1.o(i.joint_motion_3)
    main                                     0x08005d49   Thumb Code    86  main.o(i.main)
    mget_ms                                  0x08005dbd   Thumb Code     2  inv_mpu.o(i.mget_ms)
    mpu_configure_fifo                       0x08005dc1   Thumb Code    78  inv_mpu.o(i.mpu_configure_fifo)
    mpu_dmp_get_data                         0x08005e15   Thumb Code   408  inv_mpu.o(i.mpu_dmp_get_data)
    mpu_dmp_init                             0x08005fb1   Thumb Code   156  inv_mpu.o(i.mpu_dmp_init)
    mpu_get_accel_fsr                        0x08006051   Thumb Code    54  inv_mpu.o(i.mpu_get_accel_fsr)
    mpu_get_accel_sens                       0x0800608d   Thumb Code    62  inv_mpu.o(i.mpu_get_accel_sens)
    mpu_get_gyro_fsr                         0x080060d1   Thumb Code    48  inv_mpu.o(i.mpu_get_gyro_fsr)
    mpu_get_gyro_sens                        0x08006105   Thumb Code    44  inv_mpu.o(i.mpu_get_gyro_sens)
    mpu_get_lpf                              0x08006145   Thumb Code    52  inv_mpu.o(i.mpu_get_lpf)
    mpu_get_sample_rate                      0x0800617d   Thumb Code    22  inv_mpu.o(i.mpu_get_sample_rate)
    mpu_init                                 0x08006199   Thumb Code   310  inv_mpu.o(i.mpu_init)
    mpu_load_firmware                        0x08006321   Thumb Code   154  inv_mpu.o(i.mpu_load_firmware)
    mpu_lp_accel_mode                        0x080063c1   Thumb Code   178  inv_mpu.o(i.mpu_lp_accel_mode)
    mpu_read_fifo_stream                     0x08006479   Thumb Code   140  inv_mpu.o(i.mpu_read_fifo_stream)
    mpu_read_mem                             0x08006509   Thumb Code    80  inv_mpu.o(i.mpu_read_mem)
    mpu_reset_fifo                           0x0800655d   Thumb Code   346  inv_mpu.o(i.mpu_reset_fifo)
    mpu_run_self_test                        0x080066bd   Thumb Code   234  inv_mpu.o(i.mpu_run_self_test)
    mpu_set_accel_fsr                        0x080067ad   Thumb Code    98  inv_mpu.o(i.mpu_set_accel_fsr)
    mpu_set_bypass                           0x08006815   Thumb Code   214  inv_mpu.o(i.mpu_set_bypass)
    mpu_set_dmp_state                        0x080068f1   Thumb Code   114  inv_mpu.o(i.mpu_set_dmp_state)
    mpu_set_gyro_fsr                         0x08006969   Thumb Code   104  inv_mpu.o(i.mpu_set_gyro_fsr)
    mpu_set_int_latched                      0x080069d5   Thumb Code    94  inv_mpu.o(i.mpu_set_int_latched)
    mpu_set_lpf                              0x08006a39   Thumb Code   102  inv_mpu.o(i.mpu_set_lpf)
    mpu_set_sample_rate                      0x08006aa5   Thumb Code   124  inv_mpu.o(i.mpu_set_sample_rate)
    mpu_set_sensors                          0x08006b25   Thumb Code   178  inv_mpu.o(i.mpu_set_sensors)
    mpu_write_mem                            0x08006bdd   Thumb Code    80  inv_mpu.o(i.mpu_write_mem)
    protocol_data_recv                       0x08006c31   Thumb Code    82  protocol.o(i.protocol_data_recv)
    protocol_init                            0x08006e41   Thumb Code    20  protocol.o(i.protocol_init)
    receiving_process                        0x08006e59   Thumb Code   210  protocol.o(i.receiving_process)
    run_self_test                            0x08006f5b   Thumb Code   128  inv_mpu.o(i.run_self_test)
    set_computer_value                       0x08006fdd   Thumb Code    98  protocol.o(i.set_computer_value)
    set_p_i_d                                0x080070a9   Thumb Code     8  main.o(i.set_p_i_d)
    set_pid_target                           0x080070b1   Thumb Code    18  main.o(i.set_pid_target)
    set_zero_all                             0x080070c9   Thumb Code   164  protocol.o(i.set_zero_all)
    sqrt                                     0x08007179   Thumb Code    76  sqrt.o(i.sqrt)
    AHBPrescTable                            0x080071c4   Data          16  system_stm32f1xx.o(.constdata)
    APBPrescTable                            0x080071d4   Data           8  system_stm32f1xx.o(.constdata)
    reg                                      0x080071dc   Data          27  inv_mpu.o(.constdata)
    hw                                       0x080071f8   Data          12  inv_mpu.o(.constdata)
    test                                     0x08007204   Data          40  inv_mpu.o(.constdata)
    __mathlib_zero                           0x08007f10   Data           8  qnan.o(.constdata)
    Region$$Table$$Base                      0x08007f68   Number         0  anon$$obj.o(Region$$Table)
    Region$$Table$$Limit                     0x08007f88   Number         0  anon$$obj.o(Region$$Table)
    aacx                                     0x20000000   Data           6  main.o(.data)
    aacy                                     0x20000006   Data           6  main.o(.data)
    aacz                                     0x2000000c   Data           6  main.o(.data)
    gyrox                                    0x20000012   Data           6  main.o(.data)
    gyroy                                    0x20000018   Data           6  main.o(.data)
    gyroz                                    0x2000001e   Data           6  main.o(.data)
    temp                                     0x20000024   Data           6  main.o(.data)
    EventFlag                                0x2000002a   Data           1  main.o(.data)
    __stdout                                 0x2000002c   Data           4  usart.o(.data)
    receivedata                              0x20000030   Data           1  stm32f1xx_it.o(.data)
    k                                        0x20000038   Data           4  stm32f1xx_it.o(.data)
    SetAngle1                                0x2000003c   Data           4  stm32f1xx_it.o(.data)
    SetAngle2                                0x20000040   Data           4  stm32f1xx_it.o(.data)
    receive_buff                             0x20000044   Data           8  stm32f1xx_it.o(.data)
    i                                        0x2000004c   Data           4  stm32f1xx_it.o(.data)
    uwTickFreq                               0x20000050   Data           1  stm32f1xx_hal.o(.data)
    uwTickPrio                               0x20000054   Data           4  stm32f1xx_hal.o(.data)
    uwTick                                   0x20000058   Data           4  stm32f1xx_hal.o(.data)
    SystemCoreClock                          0x2000005c   Data           4  system_stm32f1xx.o(.data)
    a                                        0x20000098   Data           4  pid1.o(.data)
    b                                        0x2000009c   Data           4  pid1.o(.data)
    c                                        0x200000a0   Data           4  pid1.o(.data)
    d                                        0x200000a4   Data           4  pid1.o(.data)
    data1                                    0x200000a8   Data           8  pid1.o(.data)
    data2                                    0x200000b0   Data           8  pid1.o(.data)
    data3                                    0x200000b8   Data           8  pid1.o(.data)
    data4                                    0x200000c0   Data           8  pid1.o(.data)
    endpoint_matrix_1                        0x200000c8   Data         216  pid1.o(.data)
    pitch                                    0x200001a4   Data          12  main.o(.bss)
    roll                                     0x200001b0   Data          12  main.o(.bss)
    yaw                                      0x200001bc   Data          12  main.o(.bss)
    hi2c1                                    0x200001c8   Data          84  i2c.o(.bss)
    huart1                                   0x2000021c   Data          68  usart.o(.bss)
    huart2                                   0x20000260   Data          68  usart.o(.bss)
    pid_roll1_structure                      0x2000034c   Data          64  pid1.o(.bss)
    pid_pitch1_structure                     0x2000038c   Data          64  pid1.o(.bss)
    pid_roll2_structure                      0x200003cc   Data          64  pid1.o(.bss)
    pid_pitch2_structure                     0x2000040c   Data          64  pid1.o(.bss)
    pid_roll3_structure                      0x2000044c   Data          64  pid1.o(.bss)
    pid_pitch3_structure                     0x2000048c   Data          64  pid1.o(.bss)
    __initial_sp                             0x200008d0   Data           0  startup_stm32f103xe.o(STACK)



==============================================================================

Memory Map of the image

  Image Entry point : 0x08000131

  Load Region LR_IROM1 (Base: 0x08000000, Size: 0x0000812c, Max: 0x00080000, ABSOLUTE, COMPRESSED[0x00008000])

    Execution Region ER_IROM1 (Base: 0x08000000, Size: 0x00007f88, Max: 0x00080000, ABSOLUTE)

    Base Addr    Size         Type   Attr      Idx    E Section Name        Object

    0x08000000   0x00000130   Data   RO            3    RESET               startup_stm32f103xe.o
    0x08000130   0x00000000   Code   RO         3192  * .ARM.Collect$$$$00000000  mc_w.l(entry.o)
    0x08000130   0x00000004   Code   RO         3525    .ARM.Collect$$$$00000001  mc_w.l(entry2.o)
    0x08000134   0x00000004   Code   RO         3528    .ARM.Collect$$$$00000004  mc_w.l(entry5.o)
    0x08000138   0x00000000   Code   RO         3530    .ARM.Collect$$$$00000008  mc_w.l(entry7b.o)
    0x08000138   0x00000000   Code   RO         3532    .ARM.Collect$$$$0000000A  mc_w.l(entry8b.o)
    0x08000138   0x00000008   Code   RO         3533    .ARM.Collect$$$$0000000B  mc_w.l(entry9a.o)
    0x08000140   0x00000000   Code   RO         3535    .ARM.Collect$$$$0000000D  mc_w.l(entry10a.o)
    0x08000140   0x00000000   Code   RO         3537    .ARM.Collect$$$$0000000F  mc_w.l(entry11a.o)
    0x08000140   0x00000004   Code   RO         3526    .ARM.Collect$$$$00002712  mc_w.l(entry2.o)
    0x08000144   0x00000024   Code   RO            4    .text               startup_stm32f103xe.o
    0x08000168   0x0000005a   Code   RO         3195    .text               mc_w.l(ldiv.o)
    0x080001c2   0x00000020   Code   RO         3197    .text               mc_w.l(llushr.o)
    0x080001e2   0x00000024   Code   RO         3199    .text               mc_w.l(memcpya.o)
    0x08000206   0x00000024   Code   RO         3201    .text               mc_w.l(memseta.o)
    0x0800022a   0x0000001a   Code   RO         3203    .text               mc_w.l(memcmp.o)
    0x08000244   0x000000b0   Code   RO         3468    .text               mf_w.l(fadd.o)
    0x080002f4   0x00000064   Code   RO         3470    .text               mf_w.l(fmul.o)
    0x08000358   0x0000007c   Code   RO         3472    .text               mf_w.l(fdiv.o)
    0x080003d4   0x00000018   Code   RO         3474    .text               mf_w.l(fscalb.o)
    0x080003ec   0x0000014e   Code   RO         3476    .text               mf_w.l(dadd.o)
    0x0800053a   0x000000e4   Code   RO         3478    .text               mf_w.l(dmul.o)
    0x0800061e   0x000000de   Code   RO         3480    .text               mf_w.l(ddiv.o)
    0x080006fc   0x00000012   Code   RO         3482    .text               mf_w.l(fflti.o)
    0x0800070e   0x0000000a   Code   RO         3484    .text               mf_w.l(ffltui.o)
    0x08000718   0x00000022   Code   RO         3486    .text               mf_w.l(dflti.o)
    0x0800073a   0x00000032   Code   RO         3488    .text               mf_w.l(ffixi.o)
    0x0800076c   0x00000028   Code   RO         3490    .text               mf_w.l(ffixui.o)
    0x08000794   0x00000026   Code   RO         3492    .text               mf_w.l(f2d.o)
    0x080007ba   0x00000038   Code   RO         3494    .text               mf_w.l(d2f.o)
    0x080007f2   0x00000002   PAD
    0x080007f4   0x00000014   Code   RO         3496    .text               mf_w.l(cfcmple.o)
    0x08000808   0x00000014   Code   RO         3498    .text               mf_w.l(cfrcmple.o)
    0x0800081c   0x0000002c   Code   RO         3539    .text               mc_w.l(uidiv.o)
    0x08000848   0x00000062   Code   RO         3541    .text               mc_w.l(uldiv.o)
    0x080008aa   0x0000001e   Code   RO         3543    .text               mc_w.l(llshl.o)
    0x080008c8   0x00000024   Code   RO         3545    .text               mc_w.l(llsshr.o)
    0x080008ec   0x00000000   Code   RO         3554    .text               mc_w.l(iusefp.o)
    0x080008ec   0x0000006e   Code   RO         3555    .text               mf_w.l(fepilogue.o)
    0x0800095a   0x000000b6   Code   RO         3557    .text               mf_w.l(depilogue.o)
    0x08000a10   0x0000002e   Code   RO         3559    .text               mf_w.l(dscalb.o)
    0x08000a3e   0x00000030   Code   RO         3561    .text               mf_w.l(dfixul.o)
    0x08000a6e   0x00000002   PAD
    0x08000a70   0x00000028   Code   RO         3563    .text               mf_w.l(cdrcmple.o)
    0x08000a98   0x00000024   Code   RO         3565    .text               mc_w.l(init.o)
    0x08000abc   0x000000a2   Code   RO         3567    .text               mf_w.l(dsqrt.o)
    0x08000b5e   0x00000056   Code   RO         3579    .text               mc_w.l(__dczerorl2.o)
    0x08000bb4   0x00000002   Code   RO          368    i.BusFault_Handler  stm32f1xx_it.o
    0x08000bb6   0x00000002   Code   RO          369    i.DebugMon_Handler  stm32f1xx_it.o
    0x08000bb8   0x00000002   Code   RO           13    i.Error_Handler     main.o
    0x08000bba   0x00000002   PAD
    0x08000bbc   0x000000ac   Code   RO           17    i.Get_joint3_MPU6050_data  main.o
    0x08000c68   0x00000046   Code   RO         1416    i.HAL_DMA_Abort     stm32f1xx_hal_dma.o
    0x08000cae   0x00000002   PAD
    0x08000cb0   0x00000130   Code   RO         1417    i.HAL_DMA_Abort_IT  stm32f1xx_hal_dma.o
    0x08000de0   0x00000006   Code   RO         1420    i.HAL_DMA_GetState  stm32f1xx_hal_dma.o
    0x08000de6   0x00000002   PAD
    0x08000de8   0x00000024   Code   RO         1044    i.HAL_Delay         stm32f1xx_hal.o
    0x08000e0c   0x000001f8   Code   RO         1352    i.HAL_GPIO_Init     stm32f1xx_hal_gpio.o
    0x08001004   0x0000000a   Code   RO         1356    i.HAL_GPIO_WritePin  stm32f1xx_hal_gpio.o
    0x0800100e   0x00000002   PAD
    0x08001010   0x0000000c   Code   RO         1048    i.HAL_GetTick       stm32f1xx_hal.o
    0x0800101c   0x00000002   Code   RO          605    i.HAL_I2C_AbortCpltCallback  stm32f1xx_hal_i2c.o
    0x0800101e   0x00000002   Code   RO          606    i.HAL_I2C_AddrCallback  stm32f1xx_hal_i2c.o
    0x08001020   0x000000c4   Code   RO          609    i.HAL_I2C_ER_IRQHandler  stm32f1xx_hal_i2c.o
    0x080010e4   0x00000230   Code   RO          610    i.HAL_I2C_EV_IRQHandler  stm32f1xx_hal_i2c.o
    0x08001314   0x00000002   Code   RO          612    i.HAL_I2C_ErrorCallback  stm32f1xx_hal_i2c.o
    0x08001316   0x00000002   PAD
    0x08001318   0x0000017c   Code   RO          616    i.HAL_I2C_Init      stm32f1xx_hal_i2c.o
    0x08001494   0x00000002   Code   RO          618    i.HAL_I2C_ListenCpltCallback  stm32f1xx_hal_i2c.o
    0x08001496   0x00000002   Code   RO          619    i.HAL_I2C_MasterRxCpltCallback  stm32f1xx_hal_i2c.o
    0x08001498   0x00000002   Code   RO          620    i.HAL_I2C_MasterTxCpltCallback  stm32f1xx_hal_i2c.o
    0x0800149a   0x00000002   Code   RO          632    i.HAL_I2C_MemRxCpltCallback  stm32f1xx_hal_i2c.o
    0x0800149c   0x00000002   Code   RO          633    i.HAL_I2C_MemTxCpltCallback  stm32f1xx_hal_i2c.o
    0x0800149e   0x00000002   PAD
    0x080014a0   0x00000250   Code   RO          634    i.HAL_I2C_Mem_Read  stm32f1xx_hal_i2c.o
    0x080016f0   0x00000130   Code   RO          637    i.HAL_I2C_Mem_Write  stm32f1xx_hal_i2c.o
    0x08001820   0x0000007c   Code   RO          262    i.HAL_I2C_MspInit   i2c.o
    0x0800189c   0x00000002   Code   RO          642    i.HAL_I2C_SlaveRxCpltCallback  stm32f1xx_hal_i2c.o
    0x0800189e   0x00000002   Code   RO          643    i.HAL_I2C_SlaveTxCpltCallback  stm32f1xx_hal_i2c.o
    0x080018a0   0x00000010   Code   RO         1054    i.HAL_IncTick       stm32f1xx_hal.o
    0x080018b0   0x00000024   Code   RO         1055    i.HAL_Init          stm32f1xx_hal.o
    0x080018d4   0x00000040   Code   RO         1056    i.HAL_InitTick      stm32f1xx_hal.o
    0x08001914   0x0000003c   Code   RO          476    i.HAL_MspInit       stm32f1xx_hal_msp.o
    0x08001950   0x0000001a   Code   RO         1512    i.HAL_NVIC_EnableIRQ  stm32f1xx_hal_cortex.o
    0x0800196a   0x00000002   PAD
    0x0800196c   0x00000040   Code   RO         1518    i.HAL_NVIC_SetPriority  stm32f1xx_hal_cortex.o
    0x080019ac   0x00000024   Code   RO         1519    i.HAL_NVIC_SetPriorityGrouping  stm32f1xx_hal_cortex.o
    0x080019d0   0x00000024   Code   RO         1520    i.HAL_NVIC_SystemReset  stm32f1xx_hal_cortex.o
    0x080019f4   0x0000012c   Code   RO         1212    i.HAL_RCC_ClockConfig  stm32f1xx_hal_rcc.o
    0x08001b20   0x00000020   Code   RO         1219    i.HAL_RCC_GetPCLK1Freq  stm32f1xx_hal_rcc.o
    0x08001b40   0x00000020   Code   RO         1220    i.HAL_RCC_GetPCLK2Freq  stm32f1xx_hal_rcc.o
    0x08001b60   0x0000006c   Code   RO         1221    i.HAL_RCC_GetSysClockFreq  stm32f1xx_hal_rcc.o
    0x08001bcc   0x00000320   Code   RO         1224    i.HAL_RCC_OscConfig  stm32f1xx_hal_rcc.o
    0x08001eec   0x00000028   Code   RO         1523    i.HAL_SYSTICK_Config  stm32f1xx_hal_cortex.o
    0x08001f14   0x00000002   Code   RO         2059    i.HAL_UARTEx_RxEventCallback  stm32f1xx_hal_uart.o
    0x08001f16   0x00000002   Code   RO         2073    i.HAL_UART_ErrorCallback  stm32f1xx_hal_uart.o
    0x08001f18   0x0000020c   Code   RO         2076    i.HAL_UART_IRQHandler  stm32f1xx_hal_uart.o
    0x08002124   0x00000062   Code   RO         2077    i.HAL_UART_Init     stm32f1xx_hal_uart.o
    0x08002186   0x00000002   PAD
    0x08002188   0x000000d8   Code   RO          304    i.HAL_UART_MspInit  usart.o
    0x08002260   0x00000094   Code   RO          370    i.HAL_UART_RxCpltCallback  stm32f1xx_it.o
    0x080022f4   0x000000b2   Code   RO         2085    i.HAL_UART_Transmit  stm32f1xx_hal_uart.o
    0x080023a6   0x00000002   Code   RO         2088    i.HAL_UART_TxCpltCallback  stm32f1xx_hal_uart.o
    0x080023a8   0x00000002   Code   RO          371    i.HardFault_Handler  stm32f1xx_it.o
    0x080023aa   0x00000002   PAD
    0x080023ac   0x0000000c   Code   RO          372    i.I2C1_ER_IRQHandler  stm32f1xx_it.o
    0x080023b8   0x0000000c   Code   RO          373    i.I2C1_EV_IRQHandler  stm32f1xx_it.o
    0x080023c4   0x000000bc   Code   RO          654    i.I2C_DMAAbort      stm32f1xx_hal_i2c.o
    0x08002480   0x00000158   Code   RO          657    i.I2C_ITError       stm32f1xx_hal_i2c.o
    0x080025d8   0x0000002e   Code   RO          658    i.I2C_IsAcknowledgeFailed  stm32f1xx_hal_i2c.o
    0x08002606   0x000000d2   Code   RO          659    i.I2C_MasterReceive_BTF  stm32f1xx_hal_i2c.o
    0x080026d8   0x000000e8   Code   RO          660    i.I2C_MasterReceive_RXNE  stm32f1xx_hal_i2c.o
    0x080027c0   0x00000082   Code   RO          663    i.I2C_MasterTransmit_BTF  stm32f1xx_hal_i2c.o
    0x08002842   0x00000002   PAD
    0x08002844   0x000000b6   Code   RO          664    i.I2C_MasterTransmit_TXE  stm32f1xx_hal_i2c.o
    0x080028fa   0x00000002   PAD
    0x080028fc   0x00000158   Code   RO          665    i.I2C_Master_ADDR   stm32f1xx_hal_i2c.o
    0x08002a54   0x0000008c   Code   RO          666    i.I2C_Master_SB     stm32f1xx_hal_i2c.o
    0x08002ae0   0x000000a0   Code   RO          667    i.I2C_MemoryTransmit_TXE_BTF  stm32f1xx_hal_i2c.o
    0x08002b80   0x000000fc   Code   RO          668    i.I2C_RequestMemoryRead  stm32f1xx_hal_i2c.o
    0x08002c7c   0x000000a8   Code   RO          669    i.I2C_RequestMemoryWrite  stm32f1xx_hal_i2c.o
    0x08002d24   0x00000046   Code   RO          670    i.I2C_Slave_ADDR    stm32f1xx_hal_i2c.o
    0x08002d6a   0x00000002   PAD
    0x08002d6c   0x00000084   Code   RO          671    i.I2C_Slave_AF      stm32f1xx_hal_i2c.o
    0x08002df0   0x0000015c   Code   RO          672    i.I2C_Slave_STOPF   stm32f1xx_hal_i2c.o
    0x08002f4c   0x0000004c   Code   RO          673    i.I2C_WaitOnBTFFlagUntilTimeout  stm32f1xx_hal_i2c.o
    0x08002f98   0x00000068   Code   RO          674    i.I2C_WaitOnFlagUntilTimeout  stm32f1xx_hal_i2c.o
    0x08003000   0x00000096   Code   RO          675    i.I2C_WaitOnMasterAddressFlagUntilTimeout  stm32f1xx_hal_i2c.o
    0x08003096   0x00000066   Code   RO          676    i.I2C_WaitOnRXNEFlagUntilTimeout  stm32f1xx_hal_i2c.o
    0x080030fc   0x0000004c   Code   RO          677    i.I2C_WaitOnTXEFlagUntilTimeout  stm32f1xx_hal_i2c.o
    0x08003148   0x00000032   Code   RO         2443    i.MPU_Get_Accelerometer  mpu6050.o
    0x0800317a   0x00000032   Code   RO         2444    i.MPU_Get_Gyroscope  mpu6050.o
    0x080031ac   0x0000004c   Code   RO         2445    i.MPU_Get_Temperature  mpu6050.o
    0x080031f8   0x00000072   Code   RO         2446    i.MPU_Init          mpu6050.o
    0x0800326a   0x00000002   PAD
    0x0800326c   0x0000002c   Code   RO         2447    i.MPU_Read_Byte     mpu6050.o
    0x08003298   0x00000024   Code   RO         2448    i.MPU_Read_Len      mpu6050.o
    0x080032bc   0x0000000a   Code   RO         2449    i.MPU_Set_Accel_Fsr  mpu6050.o
    0x080032c6   0x0000000a   Code   RO         2450    i.MPU_Set_Gyro_Fsr  mpu6050.o
    0x080032d0   0x00000030   Code   RO         2451    i.MPU_Set_LPF       mpu6050.o
    0x08003300   0x0000002e   Code   RO         2452    i.MPU_Set_Rate      mpu6050.o
    0x0800332e   0x00000002   PAD
    0x08003330   0x00000028   Code   RO         2453    i.MPU_Write_Byte    mpu6050.o
    0x08003358   0x00000024   Code   RO         2454    i.MPU_Write_Len     mpu6050.o
    0x0800337c   0x00000070   Code   RO          233    i.MX_GPIO_Init      gpio.o
    0x080033ec   0x00000040   Code   RO          263    i.MX_I2C1_Init      i2c.o
    0x0800342c   0x00000038   Code   RO          305    i.MX_USART1_UART_Init  usart.o
    0x08003464   0x00000038   Code   RO          306    i.MX_USART2_UART_Init  usart.o
    0x0800349c   0x00000002   Code   RO          374    i.MemManage_Handler  stm32f1xx_it.o
    0x0800349e   0x00000002   Code   RO          375    i.NMI_Handler       stm32f1xx_it.o
    0x080034a0   0x00000082   Code   RO         3081    i.PID_Loc           pid1.o
    0x08003522   0x0000001c   Code   RO         3082    i.PID_iinit         pid1.o
    0x0800353e   0x00000002   Code   RO          376    i.PendSV_Handler    stm32f1xx_it.o
    0x08003540   0x00000002   Code   RO          377    i.SVC_Handler       stm32f1xx_it.o
    0x08003542   0x00000004   Code   RO          378    i.SysTick_Handler   stm32f1xx_it.o
    0x08003546   0x0000004e   Code   RO           18    i.SystemClock_Config  main.o
    0x08003594   0x00000002   Code   RO         2406    i.SystemInit        system_stm32f1xx.o
    0x08003596   0x00000002   PAD
    0x08003598   0x00000198   Code   RO           19    i.Three_MPU6050_Init  main.o
    0x08003730   0x00000010   Code   RO         2090    i.UART_DMAAbortOnError  stm32f1xx_hal_uart.o
    0x08003740   0x00000030   Code   RO         2100    i.UART_EndRxTransfer  stm32f1xx_hal_uart.o
    0x08003770   0x000000b6   Code   RO         2102    i.UART_Receive_IT   stm32f1xx_hal_uart.o
    0x08003826   0x00000002   PAD
    0x08003828   0x0000008c   Code   RO         2103    i.UART_SetConfig    stm32f1xx_hal_uart.o
    0x080038b4   0x00000064   Code   RO         2106    i.UART_WaitOnFlagUntilTimeout  stm32f1xx_hal_uart.o
    0x08003918   0x00000024   Code   RO          379    i.USART1_IRQHandler  stm32f1xx_it.o
    0x0800393c   0x0000000c   Code   RO          380    i.USART2_IRQHandler  stm32f1xx_it.o
    0x08003948   0x00000002   Code   RO          381    i.UsageFault_Handler  stm32f1xx_it.o
    0x0800394a   0x00000002   PAD
    0x0800394c   0x00000020   Code   RO         3440    i.__0printf         mc_w.l(printfa.o)
    0x0800396c   0x00000028   Code   RO         3512    i.__ARM_fpclassify  m_ws.l(fpclassify.o)
    0x08003994   0x00000020   Code   RO         1525    i.__NVIC_SetPriority  stm32f1xx_hal_cortex.o
    0x080039b4   0x000000aa   Code   RO         3514    i.__kernel_poly     m_ws.l(poly.o)
    0x08003a5e   0x00000002   PAD
    0x08003a60   0x00000010   Code   RO         3510    i.__mathlib_dbl_underflow  m_ws.l(dunder.o)
    0x08003a70   0x0000000e   Code   RO         3573    i.__scatterload_copy  mc_w.l(handlers.o)
    0x08003a7e   0x00000002   Code   RO         3574    i.__scatterload_null  mc_w.l(handlers.o)
    0x08003a80   0x0000000e   Code   RO         3575    i.__scatterload_zeroinit  mc_w.l(handlers.o)
    0x08003a8e   0x00000002   PAD
    0x08003a90   0x0000000c   Code   RO         3549    i.__set_errno       mc_w.l(errno.o)
    0x08003a9c   0x00000164   Code   RO         3447    i._fp_digits        mc_w.l(printfa.o)
    0x08003c00   0x000006dc   Code   RO         3448    i._printf_core      mc_w.l(printfa.o)
    0x080042dc   0x00000024   Code   RO         3449    i._printf_post_padding  mc_w.l(printfa.o)
    0x08004300   0x0000002e   Code   RO         3450    i._printf_pre_padding  mc_w.l(printfa.o)
    0x0800432e   0x00000002   PAD
    0x08004330   0x00000080   Code   RO         2535    i.accel_self_test   inv_mpu.o
    0x080043b0   0x0000027c   Code   RO         3175    i.asin              m_ws.l(asin.o)
    0x0800462c   0x00000224   Code   RO         3501    i.atan              m_ws.l(atan.o)
    0x08004850   0x00000180   Code   RO         3185    i.atan2             m_ws.l(atan2.o)
    0x080049d0   0x00000014   Code   RO          500    i.check_sum         protocol.o
    0x080049e4   0x0000003a   Code   RO         2896    i.dmp_enable_6x_lp_quat  inv_mpu_dmp_motion_driver.o
    0x08004a1e   0x00000002   PAD
    0x08004a20   0x000001d8   Code   RO         2897    i.dmp_enable_feature  inv_mpu_dmp_motion_driver.o
    0x08004bf8   0x0000003c   Code   RO         2898    i.dmp_enable_gyro_cal  inv_mpu_dmp_motion_driver.o
    0x08004c34   0x0000003a   Code   RO         2899    i.dmp_enable_lp_quat  inv_mpu_dmp_motion_driver.o
    0x08004c6e   0x00000002   PAD
    0x08004c70   0x00000014   Code   RO         2904    i.dmp_load_motion_driver_firmware  inv_mpu_dmp_motion_driver.o
    0x08004c84   0x00000144   Code   RO         2905    i.dmp_read_fifo     inv_mpu_dmp_motion_driver.o
    0x08004dc8   0x000000d8   Code   RO         2908    i.dmp_set_accel_bias  inv_mpu_dmp_motion_driver.o
    0x08004ea0   0x00000064   Code   RO         2909    i.dmp_set_fifo_rate  inv_mpu_dmp_motion_driver.o
    0x08004f04   0x000000cc   Code   RO         2910    i.dmp_set_gyro_bias  inv_mpu_dmp_motion_driver.o
    0x08004fd0   0x0000010c   Code   RO         2912    i.dmp_set_orientation  inv_mpu_dmp_motion_driver.o
    0x080050dc   0x00000030   Code   RO         2915    i.dmp_set_shake_reject_thresh  inv_mpu_dmp_motion_driver.o
    0x0800510c   0x00000020   Code   RO         2916    i.dmp_set_shake_reject_time  inv_mpu_dmp_motion_driver.o
    0x0800512c   0x00000020   Code   RO         2917    i.dmp_set_shake_reject_timeout  inv_mpu_dmp_motion_driver.o
    0x0800514c   0x00000040   Code   RO         2918    i.dmp_set_tap_axes  inv_mpu_dmp_motion_driver.o
    0x0800518c   0x00000022   Code   RO         2919    i.dmp_set_tap_count  inv_mpu_dmp_motion_driver.o
    0x080051ae   0x00000002   PAD
    0x080051b0   0x00000128   Code   RO         2920    i.dmp_set_tap_thresh  inv_mpu_dmp_motion_driver.o
    0x080052d8   0x00000020   Code   RO         2921    i.dmp_set_tap_time  inv_mpu_dmp_motion_driver.o
    0x080052f8   0x00000020   Code   RO         2922    i.dmp_set_tap_time_multi  inv_mpu_dmp_motion_driver.o
    0x08005318   0x00000018   Code   RO          308    i.fputc             usart.o
    0x08005330   0x000000ac   Code   RO         2536    i.get_accel_prod_shift  inv_mpu.o
    0x080053dc   0x00000314   Code   RO         2537    i.get_st_biases     inv_mpu.o
    0x080056f0   0x000000d4   Code   RO         2538    i.gyro_self_test    inv_mpu.o
    0x080057c4   0x00000022   Code   RO         2539    i.inv_orientation_matrix_to_scalar  inv_mpu.o
    0x080057e6   0x00000048   Code   RO         2540    i.inv_row_2_scale   inv_mpu.o
    0x0800582e   0x00000002   PAD
    0x08005830   0x00000060   Code   RO         3085    i.joint1_PID_init   pid1.o
    0x08005890   0x00000080   Code   RO         3086    i.joint2_PID_init   pid1.o
    0x08005910   0x00000088   Code   RO         3087    i.joint3_PID_init   pid1.o
    0x08005998   0x000003b0   Code   RO         3090    i.joint_motion_3    pid1.o
    0x08005d48   0x00000074   Code   RO           20    i.main              main.o
    0x08005dbc   0x00000002   Code   RO         2541    i.mget_ms           inv_mpu.o
    0x08005dbe   0x00000002   PAD
    0x08005dc0   0x00000054   Code   RO         2542    i.mpu_configure_fifo  inv_mpu.o
    0x08005e14   0x0000019c   Code   RO         2543    i.mpu_dmp_get_data  inv_mpu.o
    0x08005fb0   0x000000a0   Code   RO         2544    i.mpu_dmp_init      inv_mpu.o
    0x08006050   0x0000003c   Code   RO         2545    i.mpu_get_accel_fsr  inv_mpu.o
    0x0800608c   0x00000044   Code   RO         2547    i.mpu_get_accel_sens  inv_mpu.o
    0x080060d0   0x00000034   Code   RO         2553    i.mpu_get_gyro_fsr  inv_mpu.o
    0x08006104   0x00000040   Code   RO         2555    i.mpu_get_gyro_sens  inv_mpu.o
    0x08006144   0x00000038   Code   RO         2557    i.mpu_get_lpf       inv_mpu.o
    0x0800617c   0x0000001c   Code   RO         2559    i.mpu_get_sample_rate  inv_mpu.o
    0x08006198   0x00000188   Code   RO         2561    i.mpu_init          inv_mpu.o
    0x08006320   0x000000a0   Code   RO         2562    i.mpu_load_firmware  inv_mpu.o
    0x080063c0   0x000000b8   Code   RO         2563    i.mpu_lp_accel_mode  inv_mpu.o
    0x08006478   0x00000090   Code   RO         2566    i.mpu_read_fifo_stream  inv_mpu.o
    0x08006508   0x00000054   Code   RO         2567    i.mpu_read_mem      inv_mpu.o
    0x0800655c   0x00000160   Code   RO         2570    i.mpu_reset_fifo    inv_mpu.o
    0x080066bc   0x000000f0   Code   RO         2571    i.mpu_run_self_test  inv_mpu.o
    0x080067ac   0x00000068   Code   RO         2573    i.mpu_set_accel_fsr  inv_mpu.o
    0x08006814   0x000000dc   Code   RO         2574    i.mpu_set_bypass    inv_mpu.o
    0x080068f0   0x00000078   Code   RO         2576    i.mpu_set_dmp_state  inv_mpu.o
    0x08006968   0x0000006c   Code   RO         2577    i.mpu_set_gyro_fsr  inv_mpu.o
    0x080069d4   0x00000064   Code   RO         2578    i.mpu_set_int_latched  inv_mpu.o
    0x08006a38   0x0000006c   Code   RO         2580    i.mpu_set_lpf       inv_mpu.o
    0x08006aa4   0x00000080   Code   RO         2581    i.mpu_set_sample_rate  inv_mpu.o
    0x08006b24   0x000000b8   Code   RO         2582    i.mpu_set_sensors   inv_mpu.o
    0x08006bdc   0x00000054   Code   RO         2583    i.mpu_write_mem     inv_mpu.o
    0x08006c30   0x00000058   Code   RO          501    i.protocol_data_recv  protocol.o
    0x08006c88   0x000001b8   Code   RO          502    i.protocol_frame_parse  protocol.o
    0x08006e40   0x00000018   Code   RO          503    i.protocol_init     protocol.o
    0x08006e58   0x000000e8   Code   RO          504    i.receiving_process  protocol.o
    0x08006f40   0x0000001a   Code   RO          505    i.recvbuf_get_len_to_parse  protocol.o
    0x08006f5a   0x00000080   Code   RO         2584    i.run_self_test     inv_mpu.o
    0x08006fda   0x00000002   PAD
    0x08006fdc   0x00000074   Code   RO          506    i.set_computer_value  protocol.o
    0x08007050   0x00000058   Code   RO         2585    i.set_int_enable    inv_mpu.o
    0x080070a8   0x00000008   Code   RO           21    i.set_p_i_d         main.o
    0x080070b0   0x00000018   Code   RO           22    i.set_pid_target    main.o
    0x080070c8   0x000000b0   Code   RO          507    i.set_zero_all      protocol.o
    0x08007178   0x0000004c   Code   RO         3518    i.sqrt              m_ws.l(sqrt.o)
    0x080071c4   0x00000010   Data   RO         2407    .constdata          system_stm32f1xx.o
    0x080071d4   0x00000008   Data   RO         2408    .constdata          system_stm32f1xx.o
    0x080071dc   0x0000001b   Data   RO         2587    .constdata          inv_mpu.o
    0x080071f7   0x00000001   PAD
    0x080071f8   0x0000000c   Data   RO         2588    .constdata          inv_mpu.o
    0x08007204   0x00000028   Data   RO         2589    .constdata          inv_mpu.o
    0x0800722c   0x00000bf6   Data   RO         2924    .constdata          inv_mpu_dmp_motion_driver.o
    0x08007e22   0x00000006   PAD
    0x08007e28   0x00000050   Data   RO         3176    .constdata          m_ws.l(asin.o)
    0x08007e78   0x00000098   Data   RO         3502    .constdata          m_ws.l(atan.o)
    0x08007f10   0x00000008   Data   RO         3516    .constdata          m_ws.l(qnan.o)
    0x08007f18   0x0000004d   Data   RO         2590    .conststring        inv_mpu.o
    0x08007f65   0x00000003   PAD
    0x08007f68   0x00000020   Data   RO         3571    Region$$Table       anon$$obj.o


    Execution Region RW_IRAM1 (Base: 0x20000000, Size: 0x000008d0, Max: 0x00010000, ABSOLUTE, COMPRESSED[0x00000078])

    Base Addr    Size         Type   Attr      Idx    E Section Name        Object

    0x20000000   0x0000002a   Data   RW           27    .data               main.o
    0x2000002a   0x00000001   Data   RW           28    .data               main.o
    0x2000002b   0x00000001   PAD
    0x2000002c   0x00000004   Data   RW          310    .data               usart.o
    0x20000030   0x0000001c   Data   RW          382    .data               stm32f1xx_it.o
    0x2000004c   0x00000004   Data   RW          383    .data               stm32f1xx_it.o
    0x20000050   0x0000000c   Data   RW         1062    .data               stm32f1xx_hal.o
    0x2000005c   0x00000004   Data   RW         2409    .data               system_stm32f1xx.o
    0x20000060   0x00000035   Data   RW         2591    .data               inv_mpu.o
    0x20000095   0x00000003   PAD
    0x20000098   0x00000108   Data   RW         3094    .data               pid1.o
    0x200001a0   0x00000004   Data   RW         3550    .data               mc_w.l(errno.o)
    0x200001a4   0x00000024   Zero   RW           23    .bss                main.o
    0x200001c8   0x00000054   Zero   RW          264    .bss                i2c.o
    0x2000021c   0x00000088   Zero   RW          309    .bss                usart.o
    0x200002a4   0x00000098   Zero   RW          508    .bss                protocol.o
    0x2000033c   0x00000010   Zero   RW         2923    .bss                inv_mpu_dmp_motion_driver.o
    0x2000034c   0x00000180   Zero   RW         3091    .bss                pid1.o
    0x200004cc   0x00000004   PAD
    0x200004d0   0x00000400   Zero   RW            1    STACK               startup_stm32f103xe.o


==============================================================================

Image component sizes


      Code (inc. data)   RO Data    RW Data    ZI Data      Debug   Object Name

       112         10          0          0          0        999   gpio.o
       188         26          0          0         84       1825   i2c.o
      5320        288        156         53          0      32958   inv_mpu.o
      2350        118       3062          0         16      20222   inv_mpu_dmp_motion_driver.o
       808        234          0         43         36     468328   main.o
       560         34          0          0          0      10029   mpu6050.o
      1462        162          0        264        384       6664   pid1.o
      1122         72          0          0        152       8417   protocol.o
        36          8        304          0       1024        864   startup_stm32f103xe.o
       164         28          0         12          0       6921   stm32f1xx_hal.o
       234         24          0          0          0      29590   stm32f1xx_hal_cortex.o
       380          8          0          0          0       2526   stm32f1xx_hal_dma.o
       514         42          0          0          0       2756   stm32f1xx_hal_gpio.o
      5506         94          0          0          0      30136   stm32f1xx_hal_i2c.o
        60          8          0          0          0        966   stm32f1xx_hal_msp.o
      1272        100          0          0          0       5296   stm32f1xx_hal_rcc.o
      1292          8          0          0          0       8886   stm32f1xx_hal_uart.o
       240         26          0         32          0       8016   stm32f1xx_it.o
         2          0         24          4          0       1279   system_stm32f1xx.o
       352         40          0          4        136       4395   usart.o

    ----------------------------------------------------------------------
     22020       1330       3588        416       1836     651073   Object Totals
         0          0         32          0          0          0   (incl. Generated)
        46          0         10          4          4          0   (incl. Padding)

    ----------------------------------------------------------------------

      Code (inc. data)   RO Data    RW Data    ZI Data      Debug   Library Member Name

       636         52         80          0          0        168   asin.o
       548         70        152          0          0        124   atan.o
       384         38          0          0          0        144   atan2.o
        16          6          0          0          0         68   dunder.o
        40          0          0          0          0         68   fpclassify.o
       170          0          0          0          0         96   poly.o
         0          0          8          0          0          0   qnan.o
        76          0          0          0          0         84   sqrt.o
        86          0          0          0          0          0   __dczerorl2.o
         0          0          0          0          0          0   entry.o
         0          0          0          0          0          0   entry10a.o
         0          0          0          0          0          0   entry11a.o
         8          4          0          0          0          0   entry2.o
         4          0          0          0          0          0   entry5.o
         0          0          0          0          0          0   entry7b.o
         0          0          0          0          0          0   entry8b.o
         8          4          0          0          0          0   entry9a.o
        12          6          0          4          0         68   errno.o
        30          0          0          0          0          0   handlers.o
        36          8          0          0          0         68   init.o
         0          0          0          0          0          0   iusefp.o
        90          0          0          0          0         84   ldiv.o
        30          0          0          0          0         68   llshl.o
        36          0          0          0          0         68   llsshr.o
        32          0          0          0          0         68   llushr.o
        26          0          0          0          0         80   memcmp.o
        36          0          0          0          0         68   memcpya.o
        36          0          0          0          0        108   memseta.o
      2226         90          0          0          0        444   printfa.o
        44          0          0          0          0         80   uidiv.o
        98          0          0          0          0         92   uldiv.o
        40          2          0          0          0         68   cdrcmple.o
        20          0          0          0          0         68   cfcmple.o
        20          0          0          0          0         68   cfrcmple.o
        56          0          0          0          0         88   d2f.o
       334          0          0          0          0        148   dadd.o
       222          0          0          0          0        100   ddiv.o
       182          0          0          0          0        176   depilogue.o
        48          0          0          0          0         68   dfixul.o
        34          0          0          0          0         76   dflti.o
       228          0          0          0          0         96   dmul.o
        46          0          0          0          0         80   dscalb.o
       162          0          0          0          0        100   dsqrt.o
        38          0          0          0          0         68   f2d.o
       176          0          0          0          0        140   fadd.o
       124          0          0          0          0         88   fdiv.o
       110          0          0          0          0        168   fepilogue.o
        50          0          0          0          0         68   ffixi.o
        40          0          0          0          0         68   ffixui.o
        18          0          0          0          0         68   fflti.o
        10          0          0          0          0         68   ffltui.o
       100          0          0          0          0         76   fmul.o
        24          0          0          0          0         68   fscalb.o

    ----------------------------------------------------------------------
      6800        280        240          4          0       4064   Library Totals
        10          0          0          0          0          0   (incl. Padding)

    ----------------------------------------------------------------------

      Code (inc. data)   RO Data    RW Data    ZI Data      Debug   Library Name

      1870        166        240          0          0        752   m_ws.l
      2838        112          0          4          0       1296   mc_w.l
      2082          2          0          0          0       2016   mf_w.l

    ----------------------------------------------------------------------
      6800        280        240          4          0       4064   Library Totals

    ----------------------------------------------------------------------

==============================================================================


      Code (inc. data)   RO Data    RW Data    ZI Data      Debug   

     28820       1610       3828        420       1836     644241   Grand Totals
     28820       1610       3828        120       1836     644241   ELF Image Totals (compressed)
     28820       1610       3828        120          0          0   ROM Totals

==============================================================================

    Total RO  Size (Code + RO Data)                32648 (  31.88kB)
    Total RW  Size (RW Data + ZI Data)              2256 (   2.20kB)
    Total ROM Size (Code + RO Data + RW Data)      32768 (  32.00kB)

==============================================================================

